#
# There is insufficient memory for the Java Runtime Environment to continue.
# Native memory allocation (malloc) failed to allocate 1109696 bytes for Chunk::new
# Possible reasons:
#   The system is out of physical RAM or swap space
#   The process is running with CompressedOops enabled, and the Java Heap may be blocking the growth of the native heap
# Possible solutions:
#   Reduce memory load on the system
#   Increase physical memory or swap space
#   Check if swap backing store is full
#   Decrease Java heap size (-Xmx/-Xms)
#   Decrease number of Java threads
#   Decrease Java thread stack sizes (-Xss)
#   Set larger code cache with -XX:ReservedCodeCacheSize=
#   JVM is running with Unscaled Compressed Oops mode in which the Java heap is
#     placed in the first 4GB address space. The Java Heap base address is the
#     maximum limit for the native heap growth. Please use -XX:HeapBaseMinAddress
#     to set the Java Heap base and to place the Java Heap above 4GB virtual address.
# This output file may be truncated or incomplete.
#
#  Out of Memory Error (arena.cpp:168), pid=17736, tid=20636
#
# JRE version: Java(TM) SE Runtime Environment (21.0.11+9) (build 21.0.11+9-LTS-211)
# Java VM: Java HotSpot(TM) 64-Bit Server VM (21.0.11+9-LTS-211, mixed mode, sharing, tiered, compressed oops, compressed class ptrs, g1 gc, windows-amd64)
# No core dump will be written. Minidumps are not enabled by default on client versions of Windows
#

---------------  S U M M A R Y ------------

Command Line: --add-opens=java.base/java.lang=ALL-UNNAMED --add-opens=java.base/java.lang.invoke=ALL-UNNAMED --add-opens=java.base/java.util=ALL-UNNAMED --add-opens=java.prefs/java.util.prefs=ALL-UNNAMED --add-exports=jdk.compiler/com.sun.tools.javac.api=ALL-UNNAMED --add-exports=jdk.compiler/com.sun.tools.javac.util=ALL-UNNAMED --add-opens=java.base/java.util=ALL-UNNAMED --add-opens=java.prefs/java.util.prefs=ALL-UNNAMED --add-opens=java.base/java.nio.charset=ALL-UNNAMED --add-opens=java.base/java.net=ALL-UNNAMED --add-opens=java.base/java.util.concurrent=ALL-UNNAMED --add-opens=java.base/java.util.concurrent.atomic=ALL-UNNAMED --add-opens=java.xml/javax.xml.namespace=ALL-UNNAMED --add-opens=java.base/java.time=ALL-UNNAMED -XX:MaxMetaspaceSize=384m -XX:+HeapDumpOnOutOfMemoryError -Xms256m -Xmx512m -Dfile.encoding=UTF-8 -Duser.country=CA -Duser.language=fr -Duser.variant -javaagent:C:\Users\alass\.gradle\wrapper\dists\gradle-9.4.1-bin\arn2x92ynaizyzdaamcbpbhtj\gradle-9.4.1\lib\agents\gradle-instrumentation-agent-9.4.1.jar org.gradle.launcher.daemon.bootstrap.GradleDaemon 9.4.1

Host: AMD Ryzen 5 5500U with Radeon Graphics         , 12 cores, 11G,  Windows 11 , 64 bit Build 26100 (10.0.26100.8521)
Time: Fri Jul  3 00:51:36 2026 elapsed time: 15.130852 seconds (0d 0h 0m 15s)

---------------  T H R E A D  ---------------

Current thread (0x000001bd1d0fd250):  JavaThread "C2 CompilerThread0" daemon [_thread_in_native, id=20636, stack(0x0000009fbdb00000,0x0000009fbdc00000) (1024K)]


Current CompileTask:
C2:  15130 4487   !   4       java.net.URLClassLoader::findClass (47 bytes)

Stack: [0x0000009fbdb00000,0x0000009fbdc00000]
Native frames: (J=compiled Java code, j=interpreted, Vv=VM code, C=native code)
V  [jvm.dll+0x6d0ef9]
V  [jvm.dll+0x860126]
V  [jvm.dll+0x86261e]
V  [jvm.dll+0x862cf3]
V  [jvm.dll+0x282bc6]
V  [jvm.dll+0xc67ad]
V  [jvm.dll+0xc6cf1]
V  [jvm.dll+0x2f81be]
V  [jvm.dll+0x5fb0e7]
V  [jvm.dll+0x254b87]
V  [jvm.dll+0x254f4d]
V  [jvm.dll+0x24d57f]
V  [jvm.dll+0x24a9fe]
V  [jvm.dll+0x1cae7e]
V  [jvm.dll+0x25a7d9]
V  [jvm.dll+0x258d65]
V  [jvm.dll+0x3f50d1]
V  [jvm.dll+0x80ac0d]
V  [jvm.dll+0x6cf79d]
C  [ucrtbase.dll+0x2cd30]
C  [KERNEL32.DLL+0x2e957]
C  [ntdll.dll+0x87c1c]


---------------  P R O C E S S  ---------------

Threads class SMR info:
_java_thread_list=0x000001bd3b0fc9e0, length=36, elements={
0x000001bd7fd75ad0, 0x000001bd1d0f24a0, 0x000001bd1d0f4f10, 0x000001bd1d0f7980,
0x000001bd1d0f83e0, 0x000001bd1d0f8e40, 0x000001bd1d0f98a0, 0x000001bd1d0fd250,
0x000001bd1d0ffd00, 0x000001bd1d3ed4d0, 0x000001bd1d448270, 0x000001bd37c24770,
0x000001bd37c6aca0, 0x000001bd38681920, 0x000001bd382cb780, 0x000001bd382cf500,
0x000001bd3833d920, 0x000001bd38584af0, 0x000001bd38582490, 0x000001bd385810e0,
0x000001bd38581e00, 0x000001bd38581770, 0x000001bd3857f6a0, 0x000001bd3857fd30,
0x000001bd3857f010, 0x000001bd3967a4d0, 0x000001bd3967b1f0, 0x000001bd3967b880,
0x000001bd396797b0, 0x000001bd39678400, 0x000001bd3967bf10, 0x000001bd39678a90,
0x000001bd3967c5a0, 0x000001bd39679e40, 0x000001bd39679120, 0x000001bd3967cc30
}

Java Threads: ( => current thread )
  0x000001bd7fd75ad0 JavaThread "main"                              [_thread_blocked, id=3236, stack(0x0000009fbcd00000,0x0000009fbce00000) (1024K)]
  0x000001bd1d0f24a0 JavaThread "Reference Handler"          daemon [_thread_blocked, id=29800, stack(0x0000009fbd500000,0x0000009fbd600000) (1024K)]
  0x000001bd1d0f4f10 JavaThread "Finalizer"                  daemon [_thread_blocked, id=14316, stack(0x0000009fbd600000,0x0000009fbd700000) (1024K)]
  0x000001bd1d0f7980 JavaThread "Signal Dispatcher"          daemon [_thread_blocked, id=18260, stack(0x0000009fbd700000,0x0000009fbd800000) (1024K)]
  0x000001bd1d0f83e0 JavaThread "Attach Listener"            daemon [_thread_blocked, id=34076, stack(0x0000009fbd800000,0x0000009fbd900000) (1024K)]
  0x000001bd1d0f8e40 JavaThread "Service Thread"             daemon [_thread_blocked, id=676, stack(0x0000009fbd900000,0x0000009fbda00000) (1024K)]
  0x000001bd1d0f98a0 JavaThread "Monitor Deflation Thread"   daemon [_thread_blocked, id=4564, stack(0x0000009fbda00000,0x0000009fbdb00000) (1024K)]
=>0x000001bd1d0fd250 JavaThread "C2 CompilerThread0"         daemon [_thread_in_native, id=20636, stack(0x0000009fbdb00000,0x0000009fbdc00000) (1024K)]
  0x000001bd1d0ffd00 JavaThread "C1 CompilerThread0"         daemon [_thread_blocked, id=40280, stack(0x0000009fbdc00000,0x0000009fbdd00000) (1024K)]
  0x000001bd1d3ed4d0 JavaThread "Common-Cleaner"             daemon [_thread_blocked, id=33804, stack(0x0000009fbdd00000,0x0000009fbde00000) (1024K)]
  0x000001bd1d448270 JavaThread "Notification Thread"        daemon [_thread_blocked, id=29988, stack(0x0000009fbde00000,0x0000009fbdf00000) (1024K)]
  0x000001bd37c24770 JavaThread "Daemon health stats"               [_thread_blocked, id=17020, stack(0x0000009fbe400000,0x0000009fbe500000) (1024K)]
  0x000001bd37c6aca0 JavaThread "Incoming local TCP Connector on port 64412"        [_thread_in_native, id=41536, stack(0x0000009fbe500000,0x0000009fbe600000) (1024K)]
  0x000001bd38681920 JavaThread "Daemon periodic checks"            [_thread_blocked, id=30272, stack(0x0000009fbe600000,0x0000009fbe700000) (1024K)]
  0x000001bd382cb780 JavaThread "Daemon"                            [_thread_blocked, id=22776, stack(0x0000009fbe700000,0x0000009fbe800000) (1024K)]
  0x000001bd382cf500 JavaThread "Handler for socket connection from /127.0.0.1:64412 to /127.0.0.1:64413"        [_thread_in_native, id=16216, stack(0x0000009fbe800000,0x0000009fbe900000) (1024K)]
  0x000001bd3833d920 JavaThread "Cancel handler"                    [_thread_blocked, id=13132, stack(0x0000009fbe900000,0x0000009fbea00000) (1024K)]
  0x000001bd38584af0 JavaThread "Daemon worker"                     [_thread_in_vm, id=29340, stack(0x0000009fbea00000,0x0000009fbeb00000) (1024K)]
  0x000001bd38582490 JavaThread "Asynchronous log dispatcher for DefaultDaemonConnection: socket connection from /127.0.0.1:64412 to /127.0.0.1:64413"        [_thread_blocked, id=36004, stack(0x0000009fbeb00000,0x0000009fbec00000) (1024K)]
  0x000001bd385810e0 JavaThread "Stdin handler"                     [_thread_blocked, id=18184, stack(0x0000009fbec00000,0x0000009fbed00000) (1024K)]
  0x000001bd38581e00 JavaThread "Daemon client event forwarder"        [_thread_blocked, id=40580, stack(0x0000009fbed00000,0x0000009fbee00000) (1024K)]
  0x000001bd38581770 JavaThread "Cache worker for journal cache (C:\Users\alass\.gradle\caches\journal-1)"        [_thread_blocked, id=41312, stack(0x0000009fbee00000,0x0000009fbef00000) (1024K)]
  0x000001bd3857f6a0 JavaThread "File lock request listener"        [_thread_in_native, id=30828, stack(0x0000009fbef00000,0x0000009fbf000000) (1024K)]
  0x000001bd3857fd30 JavaThread "Cache worker for file hash cache (C:\Users\alass\.gradle\caches\9.4.1\fileHashes)"        [_thread_blocked, id=41012, stack(0x0000009fbf000000,0x0000009fbf100000) (1024K)]
  0x000001bd3857f010 JavaThread "File lock release action executor"        [_thread_blocked, id=19896, stack(0x0000009fbf100000,0x0000009fbf200000) (1024K)]
  0x000001bd3967a4d0 JavaThread "Cache worker for file hash cache (C:\Projets\workspace\production-service\.gradle\9.4.1\fileHashes)"        [_thread_blocked, id=9564, stack(0x0000009fbf800000,0x0000009fbf900000) (1024K)]
  0x000001bd3967b1f0 JavaThread "Cache worker for Build Output Cleanup Cache (C:\Projets\workspace\production-service\.gradle\buildOutputCleanup)"        [_thread_blocked, id=12452, stack(0x0000009fbf900000,0x0000009fbfa00000) (1024K)]
  0x000001bd3967b880 JavaThread "File watcher server"        daemon [_thread_in_native, id=14692, stack(0x0000009fbfa00000,0x0000009fbfb00000) (1024K)]
  0x000001bd396797b0 JavaThread "File watcher consumer"      daemon [_thread_blocked, id=15832, stack(0x0000009fbfb00000,0x0000009fbfc00000) (1024K)]
  0x000001bd39678400 JavaThread "Cache worker for file content cache (C:\Users\alass\.gradle\caches\9.4.1\fileContent)"        [_thread_blocked, id=29504, stack(0x0000009fbfc00000,0x0000009fbfd00000) (1024K)]
  0x000001bd3967bf10 JavaThread "Cache worker for checksums cache (C:\Projets\workspace\production-service\.gradle\9.4.1\checksums)"        [_thread_blocked, id=20948, stack(0x0000009fbfd00000,0x0000009fbfe00000) (1024K)]
  0x000001bd39678a90 JavaThread "Cache worker for cache directory md-supplier (C:\Users\alass\.gradle\caches\9.4.1\md-supplier)"        [_thread_blocked, id=20432, stack(0x0000009fbfe00000,0x0000009fbff00000) (1024K)]
  0x000001bd3967c5a0 JavaThread "Cache worker for cache directory md-rule (C:\Users\alass\.gradle\caches\9.4.1\md-rule)"        [_thread_blocked, id=31732, stack(0x0000009fbff00000,0x0000009fc0000000) (1024K)]
  0x000001bd39679e40 JavaThread "jar transforms"                    [_thread_blocked, id=37884, stack(0x0000009fc0000000,0x0000009fc0100000) (1024K)]
  0x000001bd39679120 JavaThread "jar transforms Thread 2"           [_thread_blocked, id=25584, stack(0x0000009fc0100000,0x0000009fc0200000) (1024K)]
  0x000001bd3967cc30 JavaThread "jar transforms Thread 3"           [_thread_blocked, id=25364, stack(0x0000009fc0200000,0x0000009fc0300000) (1024K)]
Total: 36

Other Threads:
  0x000001bd1d0d9cf0 VMThread "VM Thread"                           [id=37984, stack(0x0000009fbd400000,0x0000009fbd500000) (1024K)]
  0x000001bd1d1c19e0 WatcherThread "VM Periodic Task Thread"        [id=10488, stack(0x0000009fbd300000,0x0000009fbd400000) (1024K)]
  0x000001bd020c6220 WorkerThread "GC Thread#0"                     [id=41508, stack(0x0000009fbce00000,0x0000009fbcf00000) (1024K)]
  0x000001bd373d6f00 WorkerThread "GC Thread#1"                     [id=26448, stack(0x0000009fbdf00000,0x0000009fbe000000) (1024K)]
  0x000001bd373d72b0 WorkerThread "GC Thread#2"                     [id=22532, stack(0x0000009fbe000000,0x0000009fbe100000) (1024K)]
  0x000001bd3713b340 WorkerThread "GC Thread#3"                     [id=5828, stack(0x0000009fbe100000,0x0000009fbe200000) (1024K)]
  0x000001bd3713b6f0 WorkerThread "GC Thread#4"                     [id=14868, stack(0x0000009fbe200000,0x0000009fbe300000) (1024K)]
  0x000001bd3713baa0 WorkerThread "GC Thread#5"                     [id=35544, stack(0x0000009fbe300000,0x0000009fbe400000) (1024K)]
  0x000001bd38e6dba0 WorkerThread "GC Thread#6"                     [id=19564, stack(0x0000009fbf200000,0x0000009fbf300000) (1024K)]
  0x000001bd38e6e300 WorkerThread "GC Thread#7"                     [id=19820, stack(0x0000009fbf300000,0x0000009fbf400000) (1024K)]
  0x000001bd38e6df50 WorkerThread "GC Thread#8"                     [id=37992, stack(0x0000009fbf400000,0x0000009fbf500000) (1024K)]
  0x000001bd38e6c930 WorkerThread "GC Thread#9"                     [id=39672, stack(0x0000009fbf500000,0x0000009fbf600000) (1024K)]
  0x000001bd020cb120 ConcurrentGCThread "G1 Main Marker"            [id=27292, stack(0x0000009fbcf00000,0x0000009fbd000000) (1024K)]
  0x000001bd020cbb40 WorkerThread "G1 Conc#0"                       [id=41796, stack(0x0000009fbd000000,0x0000009fbd100000) (1024K)]
  0x000001bd38e6d090 WorkerThread "G1 Conc#1"                       [id=37680, stack(0x0000009fbf600000,0x0000009fbf700000) (1024K)]
  0x000001bd387251e0 WorkerThread "G1 Conc#2"                       [id=24712, stack(0x0000009fbf700000,0x0000009fbf800000) (1024K)]
  0x000001bd1d01d710 ConcurrentGCThread "G1 Refine#0"               [id=34192, stack(0x0000009fbd100000,0x0000009fbd200000) (1024K)]
  0x000001bd1d01df40 ConcurrentGCThread "G1 Service"                [id=28112, stack(0x0000009fbd200000,0x0000009fbd300000) (1024K)]
Total: 18

Threads with active compile tasks:
C2 CompilerThread0    15164 4487   !   4       java.net.URLClassLoader::findClass (47 bytes)
Total: 1

VM state: not at safepoint (normal execution)

VM Mutex/Monitor currently owned by a thread: None

Heap address: 0x00000000e0000000, size: 512 MB, Compressed Oops mode: 32-bit

CDS archive(s) mapped at: [0x000001bd1e000000-0x000001bd1ec90000-0x000001bd1ec90000), size 13172736, SharedBaseAddress: 0x000001bd1e000000, ArchiveRelocationMode: 1.
Compressed class space mapped at: 0x000001bd1f000000-0x000001bd33000000, reserved size: 335544320
Narrow klass base: 0x000001bd1e000000, Narrow klass shift: 0, Narrow klass range: 0x100000000

GC Precious Log:
 CardTable entry size: 512
 Card Set container configuration: InlinePtr #cards 5 size 8 Array Of Cards #cards 12 size 40 Howl #buckets 4 coarsen threshold 1843 Howl Bitmap #cards 512 size 80 coarsen threshold 460 Card regions per heap region 1 cards per card region 2048
 CPUs: 12 total, 12 available
 Memory: 11597M
 Large Page Support: Disabled
 NUMA Support: Disabled
 Compressed Oops: Enabled (32-bit)
 Heap Region Size: 1M
 Heap Min Capacity: 256M
 Heap Initial Capacity: 256M
 Heap Max Capacity: 512M
 Pre-touch: Disabled
 Parallel Workers: 10
 Concurrent Workers: 3
 Concurrent Refinement Workers: 10
 Periodic GC: Disabled

Heap:
 garbage-first heap   total 262144K, used 85981K [0x00000000e0000000, 0x0000000100000000)
  region size 1024K, 63 young (64512K), 8 survivors (8192K)
 Metaspace       used 42604K, committed 44224K, reserved 393216K
  class space    used 6120K, committed 6912K, reserved 327680K

Heap Regions: E=young(eden), S=young(survivor), O=old, HS=humongous(starts), HC=humongous(continues), CS=collection set, F=free, TAMS=top-at-mark-start, PB=parsable bottom
|   0|0x00000000e0000000, 0x00000000e0100000, 0x00000000e0100000|100%|HS|  |TAMS 0x00000000e0000000| PB 0x00000000e0000000| Complete 
|   1|0x00000000e0100000, 0x00000000e0200000, 0x00000000e0200000|100%|HC|  |TAMS 0x00000000e0100000| PB 0x00000000e0100000| Complete 
|   2|0x00000000e0200000, 0x00000000e0300000, 0x00000000e0300000|100%|HC|  |TAMS 0x00000000e0200000| PB 0x00000000e0200000| Complete 
|   3|0x00000000e0300000, 0x00000000e0400000, 0x00000000e0400000|100%|HC|  |TAMS 0x00000000e0300000| PB 0x00000000e0300000| Complete 
|   4|0x00000000e0400000, 0x00000000e0500000, 0x00000000e0500000|100%| O|  |TAMS 0x00000000e0400000| PB 0x00000000e0400000| Untracked 
|   5|0x00000000e0500000, 0x00000000e0500000, 0x00000000e0600000|  0%| F|  |TAMS 0x00000000e0500000| PB 0x00000000e0500000| Untracked 
|   6|0x00000000e0600000, 0x00000000e0700000, 0x00000000e0700000|100%| O|  |TAMS 0x00000000e0600000| PB 0x00000000e0600000| Untracked 
|   7|0x00000000e0700000, 0x00000000e0800000, 0x00000000e0800000|100%| O|  |TAMS 0x00000000e0700000| PB 0x00000000e0700000| Untracked 
|   8|0x00000000e0800000, 0x00000000e0900000, 0x00000000e0900000|100%|HS|  |TAMS 0x00000000e0800000| PB 0x00000000e0800000| Complete 
|   9|0x00000000e0900000, 0x00000000e0a00000, 0x00000000e0a00000|100%| O|  |TAMS 0x00000000e0900000| PB 0x00000000e0900000| Untracked 
|  10|0x00000000e0a00000, 0x00000000e0b00000, 0x00000000e0b00000|100%| O|  |TAMS 0x00000000e0a00000| PB 0x00000000e0a00000| Untracked 
|  11|0x00000000e0b00000, 0x00000000e0c00000, 0x00000000e0c00000|100%| O|  |TAMS 0x00000000e0b00000| PB 0x00000000e0b00000| Untracked 
|  12|0x00000000e0c00000, 0x00000000e0d00000, 0x00000000e0d00000|100%| O|  |TAMS 0x00000000e0c00000| PB 0x00000000e0c00000| Untracked 
|  13|0x00000000e0d00000, 0x00000000e0e00000, 0x00000000e0e00000|100%| O|  |TAMS 0x00000000e0d00000| PB 0x00000000e0d00000| Untracked 
|  14|0x00000000e0e00000, 0x00000000e0f00000, 0x00000000e0f00000|100%| O|Cm|TAMS 0x00000000e0e00000| PB 0x00000000e0e00000| Complete 
|  15|0x00000000e0f00000, 0x00000000e1000000, 0x00000000e1000000|100%| O|  |TAMS 0x00000000e0f00000| PB 0x00000000e0f00000| Untracked 
|  16|0x00000000e1000000, 0x00000000e1100000, 0x00000000e1100000|100%| O|  |TAMS 0x00000000e1000000| PB 0x00000000e1000000| Untracked 
|  17|0x00000000e1100000, 0x00000000e1200000, 0x00000000e1200000|100%| O|  |TAMS 0x00000000e1100000| PB 0x00000000e1100000| Untracked 
|  18|0x00000000e1200000, 0x00000000e1300000, 0x00000000e1300000|100%| O|  |TAMS 0x00000000e1200000| PB 0x00000000e1200000| Untracked 
|  19|0x00000000e1300000, 0x00000000e1400000, 0x00000000e1400000|100%| O|  |TAMS 0x00000000e1300000| PB 0x00000000e1300000| Untracked 
|  20|0x00000000e1400000, 0x00000000e1500000, 0x00000000e1500000|100%| O|  |TAMS 0x00000000e1400000| PB 0x00000000e1400000| Untracked 
|  21|0x00000000e1500000, 0x00000000e1600000, 0x00000000e1600000|100%| O|  |TAMS 0x00000000e1500000| PB 0x00000000e1500000| Untracked 
|  22|0x00000000e1600000, 0x00000000e1700000, 0x00000000e1700000|100%| O|  |TAMS 0x00000000e1600000| PB 0x00000000e1600000| Untracked 
|  23|0x00000000e1700000, 0x00000000e17a7f38, 0x00000000e1800000| 65%| O|  |TAMS 0x00000000e1700000| PB 0x00000000e1700000| Untracked 
|  24|0x00000000e1800000, 0x00000000e1800000, 0x00000000e1900000|  0%| F|  |TAMS 0x00000000e1800000| PB 0x00000000e1800000| Untracked 
|  25|0x00000000e1900000, 0x00000000e1900000, 0x00000000e1a00000|  0%| F|  |TAMS 0x00000000e1900000| PB 0x00000000e1900000| Untracked 
|  26|0x00000000e1a00000, 0x00000000e1a00000, 0x00000000e1b00000|  0%| F|  |TAMS 0x00000000e1a00000| PB 0x00000000e1a00000| Untracked 
|  27|0x00000000e1b00000, 0x00000000e1b00000, 0x00000000e1c00000|  0%| F|  |TAMS 0x00000000e1b00000| PB 0x00000000e1b00000| Untracked 
|  28|0x00000000e1c00000, 0x00000000e1c00000, 0x00000000e1d00000|  0%| F|  |TAMS 0x00000000e1c00000| PB 0x00000000e1c00000| Untracked 
|  29|0x00000000e1d00000, 0x00000000e1d00000, 0x00000000e1e00000|  0%| F|  |TAMS 0x00000000e1d00000| PB 0x00000000e1d00000| Untracked 
|  30|0x00000000e1e00000, 0x00000000e1e00000, 0x00000000e1f00000|  0%| F|  |TAMS 0x00000000e1e00000| PB 0x00000000e1e00000| Untracked 
|  31|0x00000000e1f00000, 0x00000000e1f00000, 0x00000000e2000000|  0%| F|  |TAMS 0x00000000e1f00000| PB 0x00000000e1f00000| Untracked 
|  32|0x00000000e2000000, 0x00000000e2000000, 0x00000000e2100000|  0%| F|  |TAMS 0x00000000e2000000| PB 0x00000000e2000000| Untracked 
|  33|0x00000000e2100000, 0x00000000e2100000, 0x00000000e2200000|  0%| F|  |TAMS 0x00000000e2100000| PB 0x00000000e2100000| Untracked 
|  34|0x00000000e2200000, 0x00000000e2200000, 0x00000000e2300000|  0%| F|  |TAMS 0x00000000e2200000| PB 0x00000000e2200000| Untracked 
|  35|0x00000000e2300000, 0x00000000e2300000, 0x00000000e2400000|  0%| F|  |TAMS 0x00000000e2300000| PB 0x00000000e2300000| Untracked 
|  36|0x00000000e2400000, 0x00000000e2400000, 0x00000000e2500000|  0%| F|  |TAMS 0x00000000e2400000| PB 0x00000000e2400000| Untracked 
|  37|0x00000000e2500000, 0x00000000e2500000, 0x00000000e2600000|  0%| F|  |TAMS 0x00000000e2500000| PB 0x00000000e2500000| Untracked 
|  38|0x00000000e2600000, 0x00000000e2600000, 0x00000000e2700000|  0%| F|  |TAMS 0x00000000e2600000| PB 0x00000000e2600000| Untracked 
|  39|0x00000000e2700000, 0x00000000e2700000, 0x00000000e2800000|  0%| F|  |TAMS 0x00000000e2700000| PB 0x00000000e2700000| Untracked 
|  40|0x00000000e2800000, 0x00000000e2800000, 0x00000000e2900000|  0%| F|  |TAMS 0x00000000e2800000| PB 0x00000000e2800000| Untracked 
|  41|0x00000000e2900000, 0x00000000e2900000, 0x00000000e2a00000|  0%| F|  |TAMS 0x00000000e2900000| PB 0x00000000e2900000| Untracked 
|  42|0x00000000e2a00000, 0x00000000e2a00000, 0x00000000e2b00000|  0%| F|  |TAMS 0x00000000e2a00000| PB 0x00000000e2a00000| Untracked 
|  43|0x00000000e2b00000, 0x00000000e2b00000, 0x00000000e2c00000|  0%| F|  |TAMS 0x00000000e2b00000| PB 0x00000000e2b00000| Untracked 
|  44|0x00000000e2c00000, 0x00000000e2c00000, 0x00000000e2d00000|  0%| F|  |TAMS 0x00000000e2c00000| PB 0x00000000e2c00000| Untracked 
|  45|0x00000000e2d00000, 0x00000000e2d00000, 0x00000000e2e00000|  0%| F|  |TAMS 0x00000000e2d00000| PB 0x00000000e2d00000| Untracked 
|  46|0x00000000e2e00000, 0x00000000e2e00000, 0x00000000e2f00000|  0%| F|  |TAMS 0x00000000e2e00000| PB 0x00000000e2e00000| Untracked 
|  47|0x00000000e2f00000, 0x00000000e2f00000, 0x00000000e3000000|  0%| F|  |TAMS 0x00000000e2f00000| PB 0x00000000e2f00000| Untracked 
|  48|0x00000000e3000000, 0x00000000e3000000, 0x00000000e3100000|  0%| F|  |TAMS 0x00000000e3000000| PB 0x00000000e3000000| Untracked 
|  49|0x00000000e3100000, 0x00000000e3100000, 0x00000000e3200000|  0%| F|  |TAMS 0x00000000e3100000| PB 0x00000000e3100000| Untracked 
|  50|0x00000000e3200000, 0x00000000e3200000, 0x00000000e3300000|  0%| F|  |TAMS 0x00000000e3200000| PB 0x00000000e3200000| Untracked 
|  51|0x00000000e3300000, 0x00000000e3300000, 0x00000000e3400000|  0%| F|  |TAMS 0x00000000e3300000| PB 0x00000000e3300000| Untracked 
|  52|0x00000000e3400000, 0x00000000e3400000, 0x00000000e3500000|  0%| F|  |TAMS 0x00000000e3400000| PB 0x00000000e3400000| Untracked 
|  53|0x00000000e3500000, 0x00000000e3500000, 0x00000000e3600000|  0%| F|  |TAMS 0x00000000e3500000| PB 0x00000000e3500000| Untracked 
|  54|0x00000000e3600000, 0x00000000e3600000, 0x00000000e3700000|  0%| F|  |TAMS 0x00000000e3600000| PB 0x00000000e3600000| Untracked 
|  55|0x00000000e3700000, 0x00000000e3700000, 0x00000000e3800000|  0%| F|  |TAMS 0x00000000e3700000| PB 0x00000000e3700000| Untracked 
|  56|0x00000000e3800000, 0x00000000e3800000, 0x00000000e3900000|  0%| F|  |TAMS 0x00000000e3800000| PB 0x00000000e3800000| Untracked 
|  57|0x00000000e3900000, 0x00000000e3900000, 0x00000000e3a00000|  0%| F|  |TAMS 0x00000000e3900000| PB 0x00000000e3900000| Untracked 
|  58|0x00000000e3a00000, 0x00000000e3a00000, 0x00000000e3b00000|  0%| F|  |TAMS 0x00000000e3a00000| PB 0x00000000e3a00000| Untracked 
|  59|0x00000000e3b00000, 0x00000000e3b00000, 0x00000000e3c00000|  0%| F|  |TAMS 0x00000000e3b00000| PB 0x00000000e3b00000| Untracked 
|  60|0x00000000e3c00000, 0x00000000e3c00000, 0x00000000e3d00000|  0%| F|  |TAMS 0x00000000e3c00000| PB 0x00000000e3c00000| Untracked 
|  61|0x00000000e3d00000, 0x00000000e3d00000, 0x00000000e3e00000|  0%| F|  |TAMS 0x00000000e3d00000| PB 0x00000000e3d00000| Untracked 
|  62|0x00000000e3e00000, 0x00000000e3e00000, 0x00000000e3f00000|  0%| F|  |TAMS 0x00000000e3e00000| PB 0x00000000e3e00000| Untracked 
|  63|0x00000000e3f00000, 0x00000000e3f00000, 0x00000000e4000000|  0%| F|  |TAMS 0x00000000e3f00000| PB 0x00000000e3f00000| Untracked 
|  64|0x00000000e4000000, 0x00000000e4000000, 0x00000000e4100000|  0%| F|  |TAMS 0x00000000e4000000| PB 0x00000000e4000000| Untracked 
|  65|0x00000000e4100000, 0x00000000e4100000, 0x00000000e4200000|  0%| F|  |TAMS 0x00000000e4100000| PB 0x00000000e4100000| Untracked 
|  66|0x00000000e4200000, 0x00000000e4200000, 0x00000000e4300000|  0%| F|  |TAMS 0x00000000e4200000| PB 0x00000000e4200000| Untracked 
|  67|0x00000000e4300000, 0x00000000e4300000, 0x00000000e4400000|  0%| F|  |TAMS 0x00000000e4300000| PB 0x00000000e4300000| Untracked 
|  68|0x00000000e4400000, 0x00000000e4400000, 0x00000000e4500000|  0%| F|  |TAMS 0x00000000e4400000| PB 0x00000000e4400000| Untracked 
|  69|0x00000000e4500000, 0x00000000e4500000, 0x00000000e4600000|  0%| F|  |TAMS 0x00000000e4500000| PB 0x00000000e4500000| Untracked 
|  70|0x00000000e4600000, 0x00000000e4600000, 0x00000000e4700000|  0%| F|  |TAMS 0x00000000e4600000| PB 0x00000000e4600000| Untracked 
|  71|0x00000000e4700000, 0x00000000e4700000, 0x00000000e4800000|  0%| F|  |TAMS 0x00000000e4700000| PB 0x00000000e4700000| Untracked 
|  72|0x00000000e4800000, 0x00000000e4800000, 0x00000000e4900000|  0%| F|  |TAMS 0x00000000e4800000| PB 0x00000000e4800000| Untracked 
|  73|0x00000000e4900000, 0x00000000e4900000, 0x00000000e4a00000|  0%| F|  |TAMS 0x00000000e4900000| PB 0x00000000e4900000| Untracked 
|  74|0x00000000e4a00000, 0x00000000e4a00000, 0x00000000e4b00000|  0%| F|  |TAMS 0x00000000e4a00000| PB 0x00000000e4a00000| Untracked 
|  75|0x00000000e4b00000, 0x00000000e4b00000, 0x00000000e4c00000|  0%| F|  |TAMS 0x00000000e4b00000| PB 0x00000000e4b00000| Untracked 
|  76|0x00000000e4c00000, 0x00000000e4c00000, 0x00000000e4d00000|  0%| F|  |TAMS 0x00000000e4c00000| PB 0x00000000e4c00000| Untracked 
|  77|0x00000000e4d00000, 0x00000000e4d00000, 0x00000000e4e00000|  0%| F|  |TAMS 0x00000000e4d00000| PB 0x00000000e4d00000| Untracked 
|  78|0x00000000e4e00000, 0x00000000e4e00000, 0x00000000e4f00000|  0%| F|  |TAMS 0x00000000e4e00000| PB 0x00000000e4e00000| Untracked 
|  79|0x00000000e4f00000, 0x00000000e4f00000, 0x00000000e5000000|  0%| F|  |TAMS 0x00000000e4f00000| PB 0x00000000e4f00000| Untracked 
|  80|0x00000000e5000000, 0x00000000e5000000, 0x00000000e5100000|  0%| F|  |TAMS 0x00000000e5000000| PB 0x00000000e5000000| Untracked 
|  81|0x00000000e5100000, 0x00000000e5100000, 0x00000000e5200000|  0%| F|  |TAMS 0x00000000e5100000| PB 0x00000000e5100000| Untracked 
|  82|0x00000000e5200000, 0x00000000e5200000, 0x00000000e5300000|  0%| F|  |TAMS 0x00000000e5200000| PB 0x00000000e5200000| Untracked 
|  83|0x00000000e5300000, 0x00000000e5300000, 0x00000000e5400000|  0%| F|  |TAMS 0x00000000e5300000| PB 0x00000000e5300000| Untracked 
|  84|0x00000000e5400000, 0x00000000e5400000, 0x00000000e5500000|  0%| F|  |TAMS 0x00000000e5400000| PB 0x00000000e5400000| Untracked 
|  85|0x00000000e5500000, 0x00000000e5500000, 0x00000000e5600000|  0%| F|  |TAMS 0x00000000e5500000| PB 0x00000000e5500000| Untracked 
|  86|0x00000000e5600000, 0x00000000e5600000, 0x00000000e5700000|  0%| F|  |TAMS 0x00000000e5600000| PB 0x00000000e5600000| Untracked 
|  87|0x00000000e5700000, 0x00000000e5700000, 0x00000000e5800000|  0%| F|  |TAMS 0x00000000e5700000| PB 0x00000000e5700000| Untracked 
|  88|0x00000000e5800000, 0x00000000e5800000, 0x00000000e5900000|  0%| F|  |TAMS 0x00000000e5800000| PB 0x00000000e5800000| Untracked 
|  89|0x00000000e5900000, 0x00000000e5900000, 0x00000000e5a00000|  0%| F|  |TAMS 0x00000000e5900000| PB 0x00000000e5900000| Untracked 
|  90|0x00000000e5a00000, 0x00000000e5a00000, 0x00000000e5b00000|  0%| F|  |TAMS 0x00000000e5a00000| PB 0x00000000e5a00000| Untracked 
|  91|0x00000000e5b00000, 0x00000000e5b00000, 0x00000000e5c00000|  0%| F|  |TAMS 0x00000000e5b00000| PB 0x00000000e5b00000| Untracked 
|  92|0x00000000e5c00000, 0x00000000e5c00000, 0x00000000e5d00000|  0%| F|  |TAMS 0x00000000e5c00000| PB 0x00000000e5c00000| Untracked 
|  93|0x00000000e5d00000, 0x00000000e5d00000, 0x00000000e5e00000|  0%| F|  |TAMS 0x00000000e5d00000| PB 0x00000000e5d00000| Untracked 
|  94|0x00000000e5e00000, 0x00000000e5e00000, 0x00000000e5f00000|  0%| F|  |TAMS 0x00000000e5e00000| PB 0x00000000e5e00000| Untracked 
|  95|0x00000000e5f00000, 0x00000000e5f00000, 0x00000000e6000000|  0%| F|  |TAMS 0x00000000e5f00000| PB 0x00000000e5f00000| Untracked 
|  96|0x00000000e6000000, 0x00000000e6000000, 0x00000000e6100000|  0%| F|  |TAMS 0x00000000e6000000| PB 0x00000000e6000000| Untracked 
|  97|0x00000000e6100000, 0x00000000e6100000, 0x00000000e6200000|  0%| F|  |TAMS 0x00000000e6100000| PB 0x00000000e6100000| Untracked 
|  98|0x00000000e6200000, 0x00000000e6200000, 0x00000000e6300000|  0%| F|  |TAMS 0x00000000e6200000| PB 0x00000000e6200000| Untracked 
|  99|0x00000000e6300000, 0x00000000e6300000, 0x00000000e6400000|  0%| F|  |TAMS 0x00000000e6300000| PB 0x00000000e6300000| Untracked 
| 100|0x00000000e6400000, 0x00000000e6400000, 0x00000000e6500000|  0%| F|  |TAMS 0x00000000e6400000| PB 0x00000000e6400000| Untracked 
| 101|0x00000000e6500000, 0x00000000e6500000, 0x00000000e6600000|  0%| F|  |TAMS 0x00000000e6500000| PB 0x00000000e6500000| Untracked 
| 102|0x00000000e6600000, 0x00000000e6600000, 0x00000000e6700000|  0%| F|  |TAMS 0x00000000e6600000| PB 0x00000000e6600000| Untracked 
| 103|0x00000000e6700000, 0x00000000e6700000, 0x00000000e6800000|  0%| F|  |TAMS 0x00000000e6700000| PB 0x00000000e6700000| Untracked 
| 104|0x00000000e6800000, 0x00000000e6800000, 0x00000000e6900000|  0%| F|  |TAMS 0x00000000e6800000| PB 0x00000000e6800000| Untracked 
| 105|0x00000000e6900000, 0x00000000e6900000, 0x00000000e6a00000|  0%| F|  |TAMS 0x00000000e6900000| PB 0x00000000e6900000| Untracked 
| 106|0x00000000e6a00000, 0x00000000e6a00000, 0x00000000e6b00000|  0%| F|  |TAMS 0x00000000e6a00000| PB 0x00000000e6a00000| Untracked 
| 107|0x00000000e6b00000, 0x00000000e6b00000, 0x00000000e6c00000|  0%| F|  |TAMS 0x00000000e6b00000| PB 0x00000000e6b00000| Untracked 
| 108|0x00000000e6c00000, 0x00000000e6c00000, 0x00000000e6d00000|  0%| F|  |TAMS 0x00000000e6c00000| PB 0x00000000e6c00000| Untracked 
| 109|0x00000000e6d00000, 0x00000000e6d00000, 0x00000000e6e00000|  0%| F|  |TAMS 0x00000000e6d00000| PB 0x00000000e6d00000| Untracked 
| 110|0x00000000e6e00000, 0x00000000e6e00000, 0x00000000e6f00000|  0%| F|  |TAMS 0x00000000e6e00000| PB 0x00000000e6e00000| Untracked 
| 111|0x00000000e6f00000, 0x00000000e6f00000, 0x00000000e7000000|  0%| F|  |TAMS 0x00000000e6f00000| PB 0x00000000e6f00000| Untracked 
| 112|0x00000000e7000000, 0x00000000e7000000, 0x00000000e7100000|  0%| F|  |TAMS 0x00000000e7000000| PB 0x00000000e7000000| Untracked 
| 113|0x00000000e7100000, 0x00000000e7100000, 0x00000000e7200000|  0%| F|  |TAMS 0x00000000e7100000| PB 0x00000000e7100000| Untracked 
| 114|0x00000000e7200000, 0x00000000e7200000, 0x00000000e7300000|  0%| F|  |TAMS 0x00000000e7200000| PB 0x00000000e7200000| Untracked 
| 115|0x00000000e7300000, 0x00000000e7300000, 0x00000000e7400000|  0%| F|  |TAMS 0x00000000e7300000| PB 0x00000000e7300000| Untracked 
| 116|0x00000000e7400000, 0x00000000e7400000, 0x00000000e7500000|  0%| F|  |TAMS 0x00000000e7400000| PB 0x00000000e7400000| Untracked 
| 117|0x00000000e7500000, 0x00000000e7500000, 0x00000000e7600000|  0%| F|  |TAMS 0x00000000e7500000| PB 0x00000000e7500000| Untracked 
| 118|0x00000000e7600000, 0x00000000e7600000, 0x00000000e7700000|  0%| F|  |TAMS 0x00000000e7600000| PB 0x00000000e7600000| Untracked 
| 119|0x00000000e7700000, 0x00000000e7700000, 0x00000000e7800000|  0%| F|  |TAMS 0x00000000e7700000| PB 0x00000000e7700000| Untracked 
| 120|0x00000000e7800000, 0x00000000e7800000, 0x00000000e7900000|  0%| F|  |TAMS 0x00000000e7800000| PB 0x00000000e7800000| Untracked 
| 121|0x00000000e7900000, 0x00000000e7900000, 0x00000000e7a00000|  0%| F|  |TAMS 0x00000000e7900000| PB 0x00000000e7900000| Untracked 
| 122|0x00000000e7a00000, 0x00000000e7a00000, 0x00000000e7b00000|  0%| F|  |TAMS 0x00000000e7a00000| PB 0x00000000e7a00000| Untracked 
| 123|0x00000000e7b00000, 0x00000000e7b00000, 0x00000000e7c00000|  0%| F|  |TAMS 0x00000000e7b00000| PB 0x00000000e7b00000| Untracked 
| 124|0x00000000e7c00000, 0x00000000e7c00000, 0x00000000e7d00000|  0%| F|  |TAMS 0x00000000e7c00000| PB 0x00000000e7c00000| Untracked 
| 125|0x00000000e7d00000, 0x00000000e7d00000, 0x00000000e7e00000|  0%| F|  |TAMS 0x00000000e7d00000| PB 0x00000000e7d00000| Untracked 
| 126|0x00000000e7e00000, 0x00000000e7e00000, 0x00000000e7f00000|  0%| F|  |TAMS 0x00000000e7e00000| PB 0x00000000e7e00000| Untracked 
| 127|0x00000000e7f00000, 0x00000000e7f00000, 0x00000000e8000000|  0%| F|  |TAMS 0x00000000e7f00000| PB 0x00000000e7f00000| Untracked 
| 128|0x00000000e8000000, 0x00000000e8000000, 0x00000000e8100000|  0%| F|  |TAMS 0x00000000e8000000| PB 0x00000000e8000000| Untracked 
| 129|0x00000000e8100000, 0x00000000e8100000, 0x00000000e8200000|  0%| F|  |TAMS 0x00000000e8100000| PB 0x00000000e8100000| Untracked 
| 130|0x00000000e8200000, 0x00000000e8200000, 0x00000000e8300000|  0%| F|  |TAMS 0x00000000e8200000| PB 0x00000000e8200000| Untracked 
| 131|0x00000000e8300000, 0x00000000e8300000, 0x00000000e8400000|  0%| F|  |TAMS 0x00000000e8300000| PB 0x00000000e8300000| Untracked 
| 132|0x00000000e8400000, 0x00000000e8400000, 0x00000000e8500000|  0%| F|  |TAMS 0x00000000e8400000| PB 0x00000000e8400000| Untracked 
| 133|0x00000000e8500000, 0x00000000e8500000, 0x00000000e8600000|  0%| F|  |TAMS 0x00000000e8500000| PB 0x00000000e8500000| Untracked 
| 134|0x00000000e8600000, 0x00000000e8600000, 0x00000000e8700000|  0%| F|  |TAMS 0x00000000e8600000| PB 0x00000000e8600000| Untracked 
| 135|0x00000000e8700000, 0x00000000e8700000, 0x00000000e8800000|  0%| F|  |TAMS 0x00000000e8700000| PB 0x00000000e8700000| Untracked 
| 136|0x00000000e8800000, 0x00000000e8800000, 0x00000000e8900000|  0%| F|  |TAMS 0x00000000e8800000| PB 0x00000000e8800000| Untracked 
| 137|0x00000000e8900000, 0x00000000e8900000, 0x00000000e8a00000|  0%| F|  |TAMS 0x00000000e8900000| PB 0x00000000e8900000| Untracked 
| 138|0x00000000e8a00000, 0x00000000e8a00000, 0x00000000e8b00000|  0%| F|  |TAMS 0x00000000e8a00000| PB 0x00000000e8a00000| Untracked 
| 139|0x00000000e8b00000, 0x00000000e8b00000, 0x00000000e8c00000|  0%| F|  |TAMS 0x00000000e8b00000| PB 0x00000000e8b00000| Untracked 
| 140|0x00000000e8c00000, 0x00000000e8c00000, 0x00000000e8d00000|  0%| F|  |TAMS 0x00000000e8c00000| PB 0x00000000e8c00000| Untracked 
| 141|0x00000000e8d00000, 0x00000000e8d00000, 0x00000000e8e00000|  0%| F|  |TAMS 0x00000000e8d00000| PB 0x00000000e8d00000| Untracked 
| 142|0x00000000e8e00000, 0x00000000e8e00000, 0x00000000e8f00000|  0%| F|  |TAMS 0x00000000e8e00000| PB 0x00000000e8e00000| Untracked 
| 143|0x00000000e8f00000, 0x00000000e8f00000, 0x00000000e9000000|  0%| F|  |TAMS 0x00000000e8f00000| PB 0x00000000e8f00000| Untracked 
| 144|0x00000000e9000000, 0x00000000e9000000, 0x00000000e9100000|  0%| F|  |TAMS 0x00000000e9000000| PB 0x00000000e9000000| Untracked 
| 145|0x00000000e9100000, 0x00000000e9100000, 0x00000000e9200000|  0%| F|  |TAMS 0x00000000e9100000| PB 0x00000000e9100000| Untracked 
| 146|0x00000000e9200000, 0x00000000e9200000, 0x00000000e9300000|  0%| F|  |TAMS 0x00000000e9200000| PB 0x00000000e9200000| Untracked 
| 147|0x00000000e9300000, 0x00000000e9300000, 0x00000000e9400000|  0%| F|  |TAMS 0x00000000e9300000| PB 0x00000000e9300000| Untracked 
| 148|0x00000000e9400000, 0x00000000e9400000, 0x00000000e9500000|  0%| F|  |TAMS 0x00000000e9400000| PB 0x00000000e9400000| Untracked 
| 149|0x00000000e9500000, 0x00000000e9500000, 0x00000000e9600000|  0%| F|  |TAMS 0x00000000e9500000| PB 0x00000000e9500000| Untracked 
| 150|0x00000000e9600000, 0x00000000e9600000, 0x00000000e9700000|  0%| F|  |TAMS 0x00000000e9600000| PB 0x00000000e9600000| Untracked 
| 151|0x00000000e9700000, 0x00000000e9700000, 0x00000000e9800000|  0%| F|  |TAMS 0x00000000e9700000| PB 0x00000000e9700000| Untracked 
| 152|0x00000000e9800000, 0x00000000e9800000, 0x00000000e9900000|  0%| F|  |TAMS 0x00000000e9800000| PB 0x00000000e9800000| Untracked 
| 153|0x00000000e9900000, 0x00000000e9900000, 0x00000000e9a00000|  0%| F|  |TAMS 0x00000000e9900000| PB 0x00000000e9900000| Untracked 
| 154|0x00000000e9a00000, 0x00000000e9a00000, 0x00000000e9b00000|  0%| F|  |TAMS 0x00000000e9a00000| PB 0x00000000e9a00000| Untracked 
| 155|0x00000000e9b00000, 0x00000000e9b00000, 0x00000000e9c00000|  0%| F|  |TAMS 0x00000000e9b00000| PB 0x00000000e9b00000| Untracked 
| 156|0x00000000e9c00000, 0x00000000e9c00000, 0x00000000e9d00000|  0%| F|  |TAMS 0x00000000e9c00000| PB 0x00000000e9c00000| Untracked 
| 157|0x00000000e9d00000, 0x00000000e9d00000, 0x00000000e9e00000|  0%| F|  |TAMS 0x00000000e9d00000| PB 0x00000000e9d00000| Untracked 
| 158|0x00000000e9e00000, 0x00000000e9e00000, 0x00000000e9f00000|  0%| F|  |TAMS 0x00000000e9e00000| PB 0x00000000e9e00000| Untracked 
| 159|0x00000000e9f00000, 0x00000000e9f00000, 0x00000000ea000000|  0%| F|  |TAMS 0x00000000e9f00000| PB 0x00000000e9f00000| Untracked 
| 160|0x00000000ea000000, 0x00000000ea000000, 0x00000000ea100000|  0%| F|  |TAMS 0x00000000ea000000| PB 0x00000000ea000000| Untracked 
| 161|0x00000000ea100000, 0x00000000ea100000, 0x00000000ea200000|  0%| F|  |TAMS 0x00000000ea100000| PB 0x00000000ea100000| Untracked 
| 162|0x00000000ea200000, 0x00000000ea200000, 0x00000000ea300000|  0%| F|  |TAMS 0x00000000ea200000| PB 0x00000000ea200000| Untracked 
| 163|0x00000000ea300000, 0x00000000ea300000, 0x00000000ea400000|  0%| F|  |TAMS 0x00000000ea300000| PB 0x00000000ea300000| Untracked 
| 164|0x00000000ea400000, 0x00000000ea400000, 0x00000000ea500000|  0%| F|  |TAMS 0x00000000ea400000| PB 0x00000000ea400000| Untracked 
| 165|0x00000000ea500000, 0x00000000ea500000, 0x00000000ea600000|  0%| F|  |TAMS 0x00000000ea500000| PB 0x00000000ea500000| Untracked 
| 166|0x00000000ea600000, 0x00000000ea600000, 0x00000000ea700000|  0%| F|  |TAMS 0x00000000ea600000| PB 0x00000000ea600000| Untracked 
| 167|0x00000000ea700000, 0x00000000ea700000, 0x00000000ea800000|  0%| F|  |TAMS 0x00000000ea700000| PB 0x00000000ea700000| Untracked 
| 168|0x00000000ea800000, 0x00000000ea800000, 0x00000000ea900000|  0%| F|  |TAMS 0x00000000ea800000| PB 0x00000000ea800000| Untracked 
| 169|0x00000000ea900000, 0x00000000ea900000, 0x00000000eaa00000|  0%| F|  |TAMS 0x00000000ea900000| PB 0x00000000ea900000| Untracked 
| 170|0x00000000eaa00000, 0x00000000eaa00000, 0x00000000eab00000|  0%| F|  |TAMS 0x00000000eaa00000| PB 0x00000000eaa00000| Untracked 
| 171|0x00000000eab00000, 0x00000000eab00000, 0x00000000eac00000|  0%| F|  |TAMS 0x00000000eab00000| PB 0x00000000eab00000| Untracked 
| 172|0x00000000eac00000, 0x00000000eac00000, 0x00000000ead00000|  0%| F|  |TAMS 0x00000000eac00000| PB 0x00000000eac00000| Untracked 
| 173|0x00000000ead00000, 0x00000000ead00000, 0x00000000eae00000|  0%| F|  |TAMS 0x00000000ead00000| PB 0x00000000ead00000| Untracked 
| 174|0x00000000eae00000, 0x00000000eae00000, 0x00000000eaf00000|  0%| F|  |TAMS 0x00000000eae00000| PB 0x00000000eae00000| Untracked 
| 175|0x00000000eaf00000, 0x00000000eaf00000, 0x00000000eb000000|  0%| F|  |TAMS 0x00000000eaf00000| PB 0x00000000eaf00000| Untracked 
| 176|0x00000000eb000000, 0x00000000eb000000, 0x00000000eb100000|  0%| F|  |TAMS 0x00000000eb000000| PB 0x00000000eb000000| Untracked 
| 177|0x00000000eb100000, 0x00000000eb100000, 0x00000000eb200000|  0%| F|  |TAMS 0x00000000eb100000| PB 0x00000000eb100000| Untracked 
| 178|0x00000000eb200000, 0x00000000eb200000, 0x00000000eb300000|  0%| F|  |TAMS 0x00000000eb200000| PB 0x00000000eb200000| Untracked 
| 179|0x00000000eb300000, 0x00000000eb300000, 0x00000000eb400000|  0%| F|  |TAMS 0x00000000eb300000| PB 0x00000000eb300000| Untracked 
| 180|0x00000000eb400000, 0x00000000eb400000, 0x00000000eb500000|  0%| F|  |TAMS 0x00000000eb400000| PB 0x00000000eb400000| Untracked 
| 181|0x00000000eb500000, 0x00000000eb500000, 0x00000000eb600000|  0%| F|  |TAMS 0x00000000eb500000| PB 0x00000000eb500000| Untracked 
| 182|0x00000000eb600000, 0x00000000eb600000, 0x00000000eb700000|  0%| F|  |TAMS 0x00000000eb600000| PB 0x00000000eb600000| Untracked 
| 183|0x00000000eb700000, 0x00000000eb700000, 0x00000000eb800000|  0%| F|  |TAMS 0x00000000eb700000| PB 0x00000000eb700000| Untracked 
| 184|0x00000000eb800000, 0x00000000eb800000, 0x00000000eb900000|  0%| F|  |TAMS 0x00000000eb800000| PB 0x00000000eb800000| Untracked 
| 185|0x00000000eb900000, 0x00000000eb900000, 0x00000000eba00000|  0%| F|  |TAMS 0x00000000eb900000| PB 0x00000000eb900000| Untracked 
| 186|0x00000000eba00000, 0x00000000eba00000, 0x00000000ebb00000|  0%| F|  |TAMS 0x00000000eba00000| PB 0x00000000eba00000| Untracked 
| 187|0x00000000ebb00000, 0x00000000ebb00000, 0x00000000ebc00000|  0%| F|  |TAMS 0x00000000ebb00000| PB 0x00000000ebb00000| Untracked 
| 188|0x00000000ebc00000, 0x00000000ebc00000, 0x00000000ebd00000|  0%| F|  |TAMS 0x00000000ebc00000| PB 0x00000000ebc00000| Untracked 
| 189|0x00000000ebd00000, 0x00000000ebd00000, 0x00000000ebe00000|  0%| F|  |TAMS 0x00000000ebd00000| PB 0x00000000ebd00000| Untracked 
| 190|0x00000000ebe00000, 0x00000000ebe00000, 0x00000000ebf00000|  0%| F|  |TAMS 0x00000000ebe00000| PB 0x00000000ebe00000| Untracked 
| 191|0x00000000ebf00000, 0x00000000ebf00000, 0x00000000ec000000|  0%| F|  |TAMS 0x00000000ebf00000| PB 0x00000000ebf00000| Untracked 
| 192|0x00000000ec000000, 0x00000000ec080000, 0x00000000ec100000| 50%| E|  |TAMS 0x00000000ec000000| PB 0x00000000ec000000| Complete 
| 193|0x00000000ec100000, 0x00000000ec200000, 0x00000000ec200000|100%| E|CS|TAMS 0x00000000ec100000| PB 0x00000000ec100000| Complete 
| 194|0x00000000ec200000, 0x00000000ec300000, 0x00000000ec300000|100%| E|CS|TAMS 0x00000000ec200000| PB 0x00000000ec200000| Complete 
| 195|0x00000000ec300000, 0x00000000ec400000, 0x00000000ec400000|100%| E|CS|TAMS 0x00000000ec300000| PB 0x00000000ec300000| Complete 
| 196|0x00000000ec400000, 0x00000000ec500000, 0x00000000ec500000|100%| E|CS|TAMS 0x00000000ec400000| PB 0x00000000ec400000| Complete 
| 197|0x00000000ec500000, 0x00000000ec600000, 0x00000000ec600000|100%| E|CS|TAMS 0x00000000ec500000| PB 0x00000000ec500000| Complete 
| 198|0x00000000ec600000, 0x00000000ec700000, 0x00000000ec700000|100%| E|CS|TAMS 0x00000000ec600000| PB 0x00000000ec600000| Complete 
| 199|0x00000000ec700000, 0x00000000ec800000, 0x00000000ec800000|100%| E|CS|TAMS 0x00000000ec700000| PB 0x00000000ec700000| Complete 
| 200|0x00000000ec800000, 0x00000000ec900000, 0x00000000ec900000|100%| E|CS|TAMS 0x00000000ec800000| PB 0x00000000ec800000| Complete 
| 201|0x00000000ec900000, 0x00000000eca00000, 0x00000000eca00000|100%| E|CS|TAMS 0x00000000ec900000| PB 0x00000000ec900000| Complete 
| 202|0x00000000eca00000, 0x00000000ecb00000, 0x00000000ecb00000|100%| E|CS|TAMS 0x00000000eca00000| PB 0x00000000eca00000| Complete 
| 203|0x00000000ecb00000, 0x00000000ecc00000, 0x00000000ecc00000|100%| E|CS|TAMS 0x00000000ecb00000| PB 0x00000000ecb00000| Complete 
| 204|0x00000000ecc00000, 0x00000000ecd00000, 0x00000000ecd00000|100%| E|CS|TAMS 0x00000000ecc00000| PB 0x00000000ecc00000| Complete 
| 205|0x00000000ecd00000, 0x00000000ece00000, 0x00000000ece00000|100%| E|CS|TAMS 0x00000000ecd00000| PB 0x00000000ecd00000| Complete 
| 206|0x00000000ece00000, 0x00000000ecf00000, 0x00000000ecf00000|100%| E|CS|TAMS 0x00000000ece00000| PB 0x00000000ece00000| Complete 
| 207|0x00000000ecf00000, 0x00000000ed000000, 0x00000000ed000000|100%| E|CS|TAMS 0x00000000ecf00000| PB 0x00000000ecf00000| Complete 
| 208|0x00000000ed000000, 0x00000000ed100000, 0x00000000ed100000|100%| E|CS|TAMS 0x00000000ed000000| PB 0x00000000ed000000| Complete 
| 209|0x00000000ed100000, 0x00000000ed200000, 0x00000000ed200000|100%| E|CS|TAMS 0x00000000ed100000| PB 0x00000000ed100000| Complete 
| 210|0x00000000ed200000, 0x00000000ed300000, 0x00000000ed300000|100%| E|CS|TAMS 0x00000000ed200000| PB 0x00000000ed200000| Complete 
| 211|0x00000000ed300000, 0x00000000ed400000, 0x00000000ed400000|100%| E|CS|TAMS 0x00000000ed300000| PB 0x00000000ed300000| Complete 
| 212|0x00000000ed400000, 0x00000000ed500000, 0x00000000ed500000|100%| E|CS|TAMS 0x00000000ed400000| PB 0x00000000ed400000| Complete 
| 213|0x00000000ed500000, 0x00000000ed600000, 0x00000000ed600000|100%| E|CS|TAMS 0x00000000ed500000| PB 0x00000000ed500000| Complete 
| 214|0x00000000ed600000, 0x00000000ed700000, 0x00000000ed700000|100%| E|CS|TAMS 0x00000000ed600000| PB 0x00000000ed600000| Complete 
| 215|0x00000000ed700000, 0x00000000ed800000, 0x00000000ed800000|100%| E|CS|TAMS 0x00000000ed700000| PB 0x00000000ed700000| Complete 
| 216|0x00000000ed800000, 0x00000000ed900000, 0x00000000ed900000|100%| E|CS|TAMS 0x00000000ed800000| PB 0x00000000ed800000| Complete 
| 217|0x00000000ed900000, 0x00000000eda00000, 0x00000000eda00000|100%| E|CS|TAMS 0x00000000ed900000| PB 0x00000000ed900000| Complete 
| 218|0x00000000eda00000, 0x00000000edb00000, 0x00000000edb00000|100%| E|CS|TAMS 0x00000000eda00000| PB 0x00000000eda00000| Complete 
| 219|0x00000000edb00000, 0x00000000edc00000, 0x00000000edc00000|100%| E|CS|TAMS 0x00000000edb00000| PB 0x00000000edb00000| Complete 
| 220|0x00000000edc00000, 0x00000000edd00000, 0x00000000edd00000|100%| E|CS|TAMS 0x00000000edc00000| PB 0x00000000edc00000| Complete 
| 221|0x00000000edd00000, 0x00000000ede00000, 0x00000000ede00000|100%| E|CS|TAMS 0x00000000edd00000| PB 0x00000000edd00000| Complete 
| 222|0x00000000ede00000, 0x00000000edf00000, 0x00000000edf00000|100%| E|CS|TAMS 0x00000000ede00000| PB 0x00000000ede00000| Complete 
| 223|0x00000000edf00000, 0x00000000ee000000, 0x00000000ee000000|100%| E|CS|TAMS 0x00000000edf00000| PB 0x00000000edf00000| Complete 
| 224|0x00000000ee000000, 0x00000000ee100000, 0x00000000ee100000|100%| E|CS|TAMS 0x00000000ee000000| PB 0x00000000ee000000| Complete 
| 225|0x00000000ee100000, 0x00000000ee200000, 0x00000000ee200000|100%| E|CS|TAMS 0x00000000ee100000| PB 0x00000000ee100000| Complete 
| 226|0x00000000ee200000, 0x00000000ee300000, 0x00000000ee300000|100%| E|CS|TAMS 0x00000000ee200000| PB 0x00000000ee200000| Complete 
| 227|0x00000000ee300000, 0x00000000ee400000, 0x00000000ee400000|100%| E|CS|TAMS 0x00000000ee300000| PB 0x00000000ee300000| Complete 
| 228|0x00000000ee400000, 0x00000000ee500000, 0x00000000ee500000|100%| E|CS|TAMS 0x00000000ee400000| PB 0x00000000ee400000| Complete 
| 229|0x00000000ee500000, 0x00000000ee600000, 0x00000000ee600000|100%| E|CS|TAMS 0x00000000ee500000| PB 0x00000000ee500000| Complete 
| 230|0x00000000ee600000, 0x00000000ee700000, 0x00000000ee700000|100%| E|CS|TAMS 0x00000000ee600000| PB 0x00000000ee600000| Complete 
| 231|0x00000000ee700000, 0x00000000ee800000, 0x00000000ee800000|100%| E|CS|TAMS 0x00000000ee700000| PB 0x00000000ee700000| Complete 
| 232|0x00000000ee800000, 0x00000000ee900000, 0x00000000ee900000|100%| E|CS|TAMS 0x00000000ee800000| PB 0x00000000ee800000| Complete 
| 233|0x00000000ee900000, 0x00000000eea00000, 0x00000000eea00000|100%| E|CS|TAMS 0x00000000ee900000| PB 0x00000000ee900000| Complete 
| 234|0x00000000eea00000, 0x00000000eeb00000, 0x00000000eeb00000|100%| E|CS|TAMS 0x00000000eea00000| PB 0x00000000eea00000| Complete 
| 235|0x00000000eeb00000, 0x00000000eec00000, 0x00000000eec00000|100%| E|CS|TAMS 0x00000000eeb00000| PB 0x00000000eeb00000| Complete 
| 236|0x00000000eec00000, 0x00000000eed00000, 0x00000000eed00000|100%| E|CS|TAMS 0x00000000eec00000| PB 0x00000000eec00000| Complete 
| 237|0x00000000eed00000, 0x00000000eee00000, 0x00000000eee00000|100%| E|CS|TAMS 0x00000000eed00000| PB 0x00000000eed00000| Complete 
| 238|0x00000000eee00000, 0x00000000eee4f5b0, 0x00000000eef00000| 30%| S|CS|TAMS 0x00000000eee00000| PB 0x00000000eee00000| Complete 
| 239|0x00000000eef00000, 0x00000000ef000000, 0x00000000ef000000|100%| S|CS|TAMS 0x00000000eef00000| PB 0x00000000eef00000| Complete 
| 240|0x00000000ef000000, 0x00000000ef100000, 0x00000000ef100000|100%| S|CS|TAMS 0x00000000ef000000| PB 0x00000000ef000000| Complete 
| 241|0x00000000ef100000, 0x00000000ef200000, 0x00000000ef200000|100%| S|CS|TAMS 0x00000000ef100000| PB 0x00000000ef100000| Complete 
| 242|0x00000000ef200000, 0x00000000ef300000, 0x00000000ef300000|100%| S|CS|TAMS 0x00000000ef200000| PB 0x00000000ef200000| Complete 
| 243|0x00000000ef300000, 0x00000000ef400000, 0x00000000ef400000|100%| S|CS|TAMS 0x00000000ef300000| PB 0x00000000ef300000| Complete 
| 244|0x00000000ef400000, 0x00000000ef500000, 0x00000000ef500000|100%| S|CS|TAMS 0x00000000ef400000| PB 0x00000000ef400000| Complete 
| 245|0x00000000ef500000, 0x00000000ef600000, 0x00000000ef600000|100%| E|CS|TAMS 0x00000000ef500000| PB 0x00000000ef500000| Complete 
| 246|0x00000000ef600000, 0x00000000ef700000, 0x00000000ef700000|100%| E|CS|TAMS 0x00000000ef600000| PB 0x00000000ef600000| Complete 
| 247|0x00000000ef700000, 0x00000000ef800000, 0x00000000ef800000|100%| E|CS|TAMS 0x00000000ef700000| PB 0x00000000ef700000| Complete 
| 248|0x00000000ef800000, 0x00000000ef900000, 0x00000000ef900000|100%| E|CS|TAMS 0x00000000ef800000| PB 0x00000000ef800000| Complete 
| 249|0x00000000ef900000, 0x00000000efa00000, 0x00000000efa00000|100%| E|CS|TAMS 0x00000000ef900000| PB 0x00000000ef900000| Complete 
| 250|0x00000000efa00000, 0x00000000efb00000, 0x00000000efb00000|100%| E|CS|TAMS 0x00000000efa00000| PB 0x00000000efa00000| Complete 
| 251|0x00000000efb00000, 0x00000000efc00000, 0x00000000efc00000|100%| E|CS|TAMS 0x00000000efb00000| PB 0x00000000efb00000| Complete 
| 252|0x00000000efc00000, 0x00000000efd00000, 0x00000000efd00000|100%| E|CS|TAMS 0x00000000efc00000| PB 0x00000000efc00000| Complete 
| 253|0x00000000efd00000, 0x00000000efe00000, 0x00000000efe00000|100%| S|CS|TAMS 0x00000000efd00000| PB 0x00000000efd00000| Complete 
| 254|0x00000000efe00000, 0x00000000eff00000, 0x00000000eff00000|100%| E|CS|TAMS 0x00000000efe00000| PB 0x00000000efe00000| Complete 
| 255|0x00000000eff00000, 0x00000000f0000000, 0x00000000f0000000|100%| E|CS|TAMS 0x00000000eff00000| PB 0x00000000eff00000| Complete 

Card table byte_map: [0x000001bd19ba0000,0x000001bd19ca0000] _byte_map_base: 0x000001bd194a0000

Marking Bits: (CMBitMap*) 0x000001bd020c6840
 Bits: [0x000001bd19ca0000, 0x000001bd1a4a0000)

Polling page: 0x000001bd00220000

Metaspace:

Usage:
  Non-class:     35.65 MB used.
      Class:      5.98 MB used.
       Both:     41.63 MB used.

Virtual space:
  Non-class space:       64.00 MB reserved,      36.50 MB ( 57%) committed,  1 nodes.
      Class space:      320.00 MB reserved,       6.81 MB (  2%) committed,  1 nodes.
             Both:      384.00 MB reserved,      43.31 MB ( 11%) committed. 

Chunk freelists:
   Non-Class:  11.34 MB
       Class:  9.23 MB
        Both:  20.58 MB

MaxMetaspaceSize: 384.00 MB
CompressedClassSpaceSize: 320.00 MB
Initial GC threshold: 21.00 MB
Current GC threshold: 60.44 MB
CDS: on
 - commit_granule_bytes: 65536.
 - commit_granule_words: 8192.
 - virtual_space_node_default_size: 8388608.
 - enlarge_chunks_in_place: 1.
 - use_allocation_guard: 0.


Internal statistics:

num_allocs_failed_limit: 12.
num_arena_births: 2934.
num_arena_deaths: 0.
num_vsnodes_births: 2.
num_vsnodes_deaths: 0.
num_space_committed: 693.
num_space_uncommitted: 0.
num_chunks_returned_to_freelist: 12.
num_chunks_taken_from_freelist: 5016.
num_chunk_merges: 12.
num_chunk_splits: 3239.
num_chunks_enlarged: 1955.
num_inconsistent_stats: 0.

CodeHeap 'non-profiled nmethods': size=120000Kb used=2147Kb max_used=2147Kb free=117852Kb
 bounds [0x000001bd12020000, 0x000001bd12290000, 0x000001bd19550000]
CodeHeap 'profiled nmethods': size=120000Kb used=8151Kb max_used=8151Kb free=111848Kb
 bounds [0x000001bd0a550000, 0x000001bd0ad50000, 0x000001bd11a80000]
CodeHeap 'non-nmethods': size=5760Kb used=1974Kb max_used=2020Kb free=3785Kb
 bounds [0x000001bd11a80000, 0x000001bd11cf0000, 0x000001bd12020000]
 total_blobs=4913 nmethods=4182 adapters=634
 compilation: enabled
              stopped_count=0, restarted_count=0
 full_count=0

Compilation events (20 events):
Event: 14.054 Thread 0x000001bd1d0ffd00 4567       3       com.google.common.collect.ImmutableList$Builder::<init> (6 bytes)
Event: 14.054 Thread 0x000001bd1d0ffd00 nmethod 4567 0x000001bd0ad3a110 code [0x000001bd0ad3a2c0, 0x000001bd0ad3a5e8]
Event: 14.102 Thread 0x000001bd1d0ffd00 4568       1       org.gradle.api.internal.attributes.DefaultImmutableAttributesEntry::getValue (5 bytes)
Event: 14.102 Thread 0x000001bd1d0ffd00 nmethod 4568 0x000001bd12236e10 code [0x000001bd12236fa0, 0x000001bd12237068]
Event: 14.107 Thread 0x000001bd1d0ffd00 4569       3       com.google.common.collect.RegularImmutableList::size (6 bytes)
Event: 14.107 Thread 0x000001bd1d0ffd00 nmethod 4569 0x000001bd0ad3a710 code [0x000001bd0ad3a8a0, 0x000001bd0ad3a9b8]
Event: 14.116 Thread 0x000001bd1d0ffd00 4571       1       org.gradle.api.internal.attributes.DefaultImmutableAttributesContainer::getHead (5 bytes)
Event: 14.117 Thread 0x000001bd1d0ffd00 nmethod 4571 0x000001bd12237410 code [0x000001bd122375a0, 0x000001bd12237668]
Event: 14.118 Thread 0x000001bd1d0ffd00 4572       3       com.google.common.collect.RegularImmutableMap::fromEntryArrayCheckingBucketOverflow (282 bytes)
Event: 14.119 Thread 0x000001bd1d0ffd00 nmethod 4572 0x000001bd0ad3aa90 code [0x000001bd0ad3ae80, 0x000001bd0ad3cba0]
Event: 14.120 Thread 0x000001bd1d0ffd00 4573       3       org.gradle.api.attributes.Attribute::equals (57 bytes)
Event: 14.120 Thread 0x000001bd1d0ffd00 nmethod 4573 0x000001bd0ad3d710 code [0x000001bd0ad3d900, 0x000001bd0ad3de58]
Event: 14.123 Thread 0x000001bd1d0ffd00 4574       1       org.gradle.internal.operations.BuildOperationDescriptor::getDetails (5 bytes)
Event: 14.123 Thread 0x000001bd1d0ffd00 nmethod 4574 0x000001bd12237710 code [0x000001bd122378a0, 0x000001bd12237968]
Event: 14.125 Thread 0x000001bd1d0ffd00 4575       3       com.google.common.collect.SingletonImmutableList::get (11 bytes)
Event: 14.126 Thread 0x000001bd1d0ffd00 nmethod 4575 0x000001bd0ad3e010 code [0x000001bd0ad3e1c0, 0x000001bd0ad3e378]
Event: 14.126 Thread 0x000001bd1d0ffd00 4577       3       com.google.common.collect.RegularImmutableMap::get (64 bytes)
Event: 14.126 Thread 0x000001bd1d0ffd00 nmethod 4577 0x000001bd0ad3e490 code [0x000001bd0ad3e6a0, 0x000001bd0ad3ec50]
Event: 14.126 Thread 0x000001bd1d0ffd00 4576       3       com.google.common.base.Preconditions::checkElementIndex (8 bytes)
Event: 14.127 Thread 0x000001bd1d0ffd00 nmethod 4576 0x000001bd0ad3ee10 code [0x000001bd0ad3efc0, 0x000001bd0ad3f0e8]

GC Heap History (12 events):
Event: 1.910 GC heap before
{Heap before GC invocations=0 (full 0):
 garbage-first heap   total 262144K, used 26624K [0x00000000e0000000, 0x0000000100000000)
  region size 1024K, 23 young (23552K), 0 survivors (0K)
 Metaspace       used 3078K, committed 3200K, reserved 393216K
  class space    used 357K, committed 448K, reserved 327680K
}
Event: 1.915 GC heap after
{Heap after GC invocations=1 (full 0):
 garbage-first heap   total 262144K, used 11210K [0x00000000e0000000, 0x0000000100000000)
  region size 1024K, 3 young (3072K), 3 survivors (3072K)
 Metaspace       used 3078K, committed 3200K, reserved 393216K
  class space    used 357K, committed 448K, reserved 327680K
}
Event: 2.912 GC heap before
{Heap before GC invocations=1 (full 0):
 garbage-first heap   total 262144K, used 40906K [0x00000000e0000000, 0x0000000100000000)
  region size 1024K, 31 young (31744K), 3 survivors (3072K)
 Metaspace       used 4640K, committed 4864K, reserved 393216K
  class space    used 571K, committed 704K, reserved 327680K
}
Event: 2.917 GC heap after
{Heap after GC invocations=2 (full 0):
 garbage-first heap   total 262144K, used 16384K [0x00000000e0000000, 0x0000000100000000)
  region size 1024K, 4 young (4096K), 4 survivors (4096K)
 Metaspace       used 4640K, committed 4864K, reserved 393216K
  class space    used 571K, committed 704K, reserved 327680K
}
Event: 5.992 GC heap before
{Heap before GC invocations=2 (full 0):
 garbage-first heap   total 262144K, used 120832K [0x00000000e0000000, 0x0000000100000000)
  region size 1024K, 106 young (108544K), 4 survivors (4096K)
 Metaspace       used 20906K, committed 21504K, reserved 393216K
  class space    used 2836K, committed 3136K, reserved 327680K
}
Event: 6.000 GC heap after
{Heap after GC invocations=3 (full 0):
 garbage-first heap   total 262144K, used 24576K [0x00000000e0000000, 0x0000000100000000)
  region size 1024K, 11 young (11264K), 11 survivors (11264K)
 Metaspace       used 20906K, committed 21504K, reserved 393216K
  class space    used 2836K, committed 3136K, reserved 327680K
}
Event: 8.877 GC heap before
{Heap before GC invocations=4 (full 0):
 garbage-first heap   total 262144K, used 128000K [0x00000000e0000000, 0x0000000100000000)
  region size 1024K, 114 young (116736K), 11 survivors (11264K)
 Metaspace       used 35042K, committed 36416K, reserved 393216K
  class space    used 4995K, committed 5696K, reserved 327680K
}
Event: 8.889 GC heap after
{Heap after GC invocations=5 (full 0):
 garbage-first heap   total 262144K, used 30347K [0x00000000e0000000, 0x0000000100000000)
  region size 1024K, 14 young (14336K), 14 survivors (14336K)
 Metaspace       used 35042K, committed 36416K, reserved 393216K
  class space    used 4995K, committed 5696K, reserved 327680K
}
Event: 8.967 GC heap before
{Heap before GC invocations=5 (full 0):
 garbage-first heap   total 262144K, used 32395K [0x00000000e0000000, 0x0000000100000000)
  region size 1024K, 17 young (17408K), 14 survivors (14336K)
 Metaspace       used 35348K, committed 36736K, reserved 393216K
  class space    used 5032K, committed 5760K, reserved 327680K
}
Event: 8.977 GC heap after
{Heap after GC invocations=6 (full 0):
 garbage-first heap   total 262144K, used 31030K [0x00000000e0000000, 0x0000000100000000)
  region size 1024K, 8 young (8192K), 8 survivors (8192K)
 Metaspace       used 35348K, committed 36736K, reserved 393216K
  class space    used 5032K, committed 5760K, reserved 327680K
}
Event: 9.022 GC heap before
{Heap before GC invocations=6 (full 0):
 garbage-first heap   total 262144K, used 32054K [0x00000000e0000000, 0x0000000100000000)
  region size 1024K, 10 young (10240K), 8 survivors (8192K)
 Metaspace       used 35657K, committed 37056K, reserved 393216K
  class space    used 5047K, committed 5760K, reserved 327680K
}
Event: 9.031 GC heap after
{Heap after GC invocations=7 (full 0):
 garbage-first heap   total 262144K, used 30685K [0x00000000e0000000, 0x0000000100000000)
  region size 1024K, 8 young (8192K), 8 survivors (8192K)
 Metaspace       used 35657K, committed 37056K, reserved 393216K
  class space    used 5047K, committed 5760K, reserved 327680K
}

Dll operation events (15 events):
Event: 0.035 Loaded shared library C:\Program Files\Java\jdk-21.0.11\bin\java.dll
Event: 0.150 Loaded shared library C:\Program Files\Java\jdk-21.0.11\bin\jsvml.dll
Event: 0.252 Loaded shared library C:\Program Files\Java\jdk-21.0.11\bin\zip.dll
Event: 0.262 Loaded shared library C:\Program Files\Java\jdk-21.0.11\bin\instrument.dll
Event: 0.274 Loaded shared library C:\Program Files\Java\jdk-21.0.11\bin\net.dll
Event: 0.280 Loaded shared library C:\Program Files\Java\jdk-21.0.11\bin\nio.dll
Event: 0.287 Loaded shared library C:\Program Files\Java\jdk-21.0.11\bin\zip.dll
Event: 1.233 Loaded shared library C:\Program Files\Java\jdk-21.0.11\bin\jimage.dll
Event: 1.660 Loaded shared library C:\Program Files\Java\jdk-21.0.11\bin\verify.dll
Event: 1.712 Loaded shared library C:\Users\alass\.gradle\native\660c5614fbf4a5f2a75b1949f50a0caf5cd603558e7d8a26e50b933a0cfb79d1\windows-amd64\native-platform.dll
Event: 1.731 Loaded shared library C:\Users\alass\.gradle\native\0.2.8\x86_64-windows-gnu\gradle-fileevents.dll
Event: 3.606 Loaded shared library C:\Program Files\Java\jdk-21.0.11\bin\management.dll
Event: 3.610 Loaded shared library C:\Program Files\Java\jdk-21.0.11\bin\management_ext.dll
Event: 3.860 Loaded shared library C:\Program Files\Java\jdk-21.0.11\bin\extnet.dll
Event: 4.210 Loaded shared library C:\Program Files\Java\jdk-21.0.11\bin\sunmscapi.dll

Deoptimization events (20 events):
Event: 11.069 Thread 0x000001bd38584af0 DEOPT PACKING pc=0x000001bd121ce4e8 sp=0x0000009fbeaf6d00
Event: 11.070 Thread 0x000001bd38584af0 DEOPT UNPACKING pc=0x000001bd11ad46a2 sp=0x0000009fbeaf6c08 mode 2
Event: 11.139 Thread 0x000001bd38584af0 Uncommon trap: trap_request=0xffffff3d fr.pc=0x000001bd121c1b64 relative=0x0000000000000c64
Event: 11.139 Thread 0x000001bd38584af0 Uncommon trap: reason=unstable_fused_if action=reinterpret pc=0x000001bd121c1b64 method=org.objectweb.asm.ByteVector.putUTF8(Ljava/lang/String;)Lorg/objectweb/asm/ByteVector; @ 93 c2
Event: 11.139 Thread 0x000001bd38584af0 DEOPT PACKING pc=0x000001bd121c1b64 sp=0x0000009fbeaf60f0
Event: 11.140 Thread 0x000001bd38584af0 DEOPT UNPACKING pc=0x000001bd11ad46a2 sp=0x0000009fbeaf6048 mode 2
Event: 11.697 Thread 0x000001bd38584af0 DEOPT PACKING pc=0x000001bd0aae996e sp=0x0000009fbeaf6970
Event: 11.697 Thread 0x000001bd38584af0 DEOPT UNPACKING pc=0x000001bd11ad4e42 sp=0x0000009fbeaf5de0 mode 0
Event: 11.729 Thread 0x000001bd38584af0 Uncommon trap: trap_request=0xffffff45 fr.pc=0x000001bd1204ccd0 relative=0x0000000000000130
Event: 11.729 Thread 0x000001bd38584af0 Uncommon trap: reason=unstable_if action=reinterpret pc=0x000001bd1204ccd0 method=java.util.Arrays.hashCode([Ljava/lang/Object;)I @ 34 c2
Event: 11.729 Thread 0x000001bd38584af0 DEOPT PACKING pc=0x000001bd1204ccd0 sp=0x0000009fbeaf7db0
Event: 11.729 Thread 0x000001bd38584af0 DEOPT UNPACKING pc=0x000001bd11ad46a2 sp=0x0000009fbeaf7d28 mode 2
Event: 14.088 Thread 0x000001bd38584af0 Uncommon trap: trap_request=0xffffffde fr.pc=0x000001bd121bc690 relative=0x00000000000002d0
Event: 14.088 Thread 0x000001bd38584af0 Uncommon trap: reason=class_check action=maybe_recompile pc=0x000001bd121bc690 method=java.util.Collections$SetFromMap.remove(Ljava/lang/Object;)Z @ 5 c2
Event: 14.088 Thread 0x000001bd38584af0 DEOPT PACKING pc=0x000001bd121bc690 sp=0x0000009fbeaf9400
Event: 14.088 Thread 0x000001bd38584af0 DEOPT UNPACKING pc=0x000001bd11ad46a2 sp=0x0000009fbeaf93e8 mode 2
Event: 14.119 Thread 0x000001bd38584af0 Uncommon trap: trap_request=0xffffffde fr.pc=0x000001bd121bc690 relative=0x00000000000002d0
Event: 14.119 Thread 0x000001bd38584af0 Uncommon trap: reason=class_check action=maybe_recompile pc=0x000001bd121bc690 method=java.util.Collections$SetFromMap.remove(Ljava/lang/Object;)Z @ 5 c2
Event: 14.119 Thread 0x000001bd38584af0 DEOPT PACKING pc=0x000001bd121bc690 sp=0x0000009fbeaf9580
Event: 14.119 Thread 0x000001bd38584af0 DEOPT UNPACKING pc=0x000001bd11ad46a2 sp=0x0000009fbeaf9568 mode 2

Classes loaded (20 events):
Event: 11.403 Loading class java/util/regex/Pattern$Pos done
Event: 11.611 Loading class sun/reflect/generics/tree/BooleanSignature
Event: 11.611 Loading class sun/reflect/generics/tree/BooleanSignature done
Event: 11.741 Loading class java/util/PrimitiveIterator$OfInt
Event: 11.741 Loading class java/util/PrimitiveIterator
Event: 11.742 Loading class java/util/PrimitiveIterator done
Event: 11.742 Loading class java/util/PrimitiveIterator$OfInt done
Event: 11.753 Loading class java/util/concurrent/RecursiveAction
Event: 11.753 Loading class java/util/concurrent/RecursiveAction done
Event: 14.059 Loading class java/io/DeleteOnExitHook
Event: 14.059 Loading class java/io/DeleteOnExitHook done
Event: 14.059 Loading class java/io/DeleteOnExitHook$1
Event: 14.059 Loading class java/io/DeleteOnExitHook$1 done
Event: 14.120 Loading class java/util/stream/DistinctOps
Event: 14.120 Loading class java/util/stream/DistinctOps done
Event: 14.120 Loading class java/util/stream/DistinctOps$1
Event: 14.120 Loading class java/util/stream/DistinctOps$1 done
Event: 14.121 Loading class java/util/stream/DistinctOps$1$2
Event: 14.121 Loading class java/util/stream/DistinctOps$1$2 done
Event: 14.200 Loading class java/util/concurrent/LinkedBlockingDeque$Itr

Classes unloaded (0 events):
No events

Classes redefined (0 events):
No events

Internal exceptions (20 events):
Event: 11.491 Thread 0x000001bd38584af0 Exception <a 'java/lang/NoSuchMethodError'{0x00000000ed61e4e8}: 'java.lang.Object java.lang.invoke.DirectMethodHandle$Holder.newInvokeSpecial(java.lang.Object, java.lang.Object, java.lang.Object, java.lang.Object, java.lang.Object, long, java.lang.Object)'> (0x00000000ed61e4e8) 
thrown [s\open\src\hotspot\share\interpreter\linkResolver.cpp, line 773]
Event: 11.493 Thread 0x000001bd38584af0 Exception <a 'java/lang/NoSuchMethodError'{0x00000000ed626fc0}: 'java.lang.Object java.lang.invoke.Invokers$Holder.linkToTargetMethod(java.lang.Object, java.lang.Object, java.lang.Object, java.lang.Object, long, java.lang.Object, java.lang.Object)'> (0x00000000ed626fc0) 
thrown [s\open\src\hotspot\share\interpreter\linkResolver.cpp, line 773]
Event: 11.501 Thread 0x000001bd38584af0 Exception <a 'java/lang/NoSuchMethodError'{0x00000000ed66b3d8}: 'java.lang.Object java.lang.invoke.DirectMethodHandle$Holder.newInvokeSpecial(java.lang.Object, java.lang.Object, java.lang.Object, long, java.lang.Object)'> (0x00000000ed66b3d8) 
thrown [s\open\src\hotspot\share\interpreter\linkResolver.cpp, line 773]
Event: 11.501 Thread 0x000001bd38584af0 Exception <a 'java/lang/NoSuchMethodError'{0x00000000ed6702b8}: 'java.lang.Object java.lang.invoke.DirectMethodHandle$Holder.invokeSpecial(java.lang.Object, java.lang.Object, java.lang.Object, java.lang.Object, long, java.lang.Object)'> (0x00000000ed6702b8) 
thrown [s\open\src\hotspot\share\interpreter\linkResolver.cpp, line 773]
Event: 11.502 Thread 0x000001bd38584af0 Exception <a 'java/lang/NoSuchMethodError'{0x00000000ed6748a8}: 'java.lang.Object java.lang.invoke.Invokers$Holder.linkToTargetMethod(java.lang.Object, java.lang.Object, long, java.lang.Object, java.lang.Object)'> (0x00000000ed6748a8) 
thrown [s\open\src\hotspot\share\interpreter\linkResolver.cpp, line 773]
Event: 11.618 Thread 0x000001bd38584af0 Exception <a 'java/lang/NoSuchMethodError'{0x00000000ed4c5790}: 'java.lang.Object java.lang.invoke.DelegatingMethodHandle$Holder.reinvoke_L(java.lang.Object, java.lang.Object, java.lang.Object, java.lang.Object, int, java.lang.Object, java.lang.Object, java.lang.Object, java.lang.Object, java.lang.Object, java.lang.Object, java.lang.Object, java.lang.Object)'> (0x00000000ed4c5790) 
thrown [s\open\src\hotspot\share\interpreter\linkResolver.cpp, line 773]
Event: 11.729 Thread 0x000001bd38584af0 Implicit null exception at 0x000001bd1204cbfc to 0x000001bd1204ccb4
Event: 11.773 Thread 0x000001bd38584af0 Exception <a 'java/lang/ClassNotFoundException'{0x00000000ed024038}: org/gradle/api/internal/artifacts/dsl/dependencies/DefaultDependencyHandler_DecoratedBeanInfo> (0x00000000ed024038) 
thrown [s\open\src\hotspot\share\classfile\systemDictionary.cpp, line 313]
Event: 11.775 Thread 0x000001bd38584af0 Exception <a 'java/lang/ClassNotFoundException'{0x00000000ed03a258}: org/gradle/api/internal/artifacts/dsl/dependencies/DefaultDependencyHandlerBeanInfo> (0x00000000ed03a258) 
thrown [s\open\src\hotspot\share\classfile\systemDictionary.cpp, line 313]
Event: 11.778 Thread 0x000001bd38584af0 Exception <a 'java/lang/ClassNotFoundException'{0x00000000ed0504d0}: org/gradle/api/internal/artifacts/dsl/dependencies/DefaultDependencyHandlerCustomizer> (0x00000000ed0504d0) 
thrown [s\open\src\hotspot\share\classfile\systemDictionary.cpp, line 313]
Event: 11.784 Thread 0x000001bd38584af0 Exception <a 'java/lang/ClassNotFoundException'{0x00000000ed09b1f8}: org/gradle/api/internal/artifacts/dsl/dependencies/DefaultDependencyHandler_DecoratedCustomizer> (0x00000000ed09b1f8) 
thrown [s\open\src\hotspot\share\classfile\systemDictionary.cpp, line 313]
Event: 11.790 Thread 0x000001bd38584af0 Exception <a 'java/lang/ClassNotFoundException'{0x00000000ed0d1700}: ijJvmDebugger1_784p3u3rh6m045qhq92x685jb$_run_closure1BeanInfo> (0x00000000ed0d1700) 
thrown [s\open\src\hotspot\share\classfile\systemDictionary.cpp, line 313]
Event: 11.791 Thread 0x000001bd38584af0 Exception <a 'java/lang/ClassNotFoundException'{0x00000000ed0d7d88}: ijJvmDebugger1_784p3u3rh6m045qhq92x685jb$_run_closure1Customizer> (0x00000000ed0d7d88) 
thrown [s\open\src\hotspot\share\classfile\systemDictionary.cpp, line 313]
Event: 11.832 Thread 0x000001bd38584af0 Exception <a 'java/lang/NoSuchMethodError'{0x00000000ece508a8}: 'java.lang.Object java.lang.invoke.DirectMethodHandle$Holder.newInvokeSpecial(java.lang.Object, int, java.lang.Object)'> (0x00000000ece508a8) 
thrown [s\open\src\hotspot\share\interpreter\linkResolver.cpp, line 773]
Event: 11.878 Thread 0x000001bd38584af0 Exception <a 'java/lang/NoSuchMethodError'{0x00000000ecc44a58}: 'java.lang.Object java.lang.invoke.DirectMethodHandle$Holder.newInvokeSpecial(java.lang.Object, java.lang.Object, java.lang.Object, int, java.lang.Object)'> (0x00000000ecc44a58) 
thrown [s\open\src\hotspot\share\interpreter\linkResolver.cpp, line 773]
Event: 11.878 Thread 0x000001bd38584af0 Exception <a 'java/lang/NoSuchMethodError'{0x00000000ecc48f68}: 'java.lang.Object java.lang.invoke.Invokers$Holder.linkToTargetMethod(java.lang.Object, java.lang.Object, int, java.lang.Object, java.lang.Object)'> (0x00000000ecc48f68) 
thrown [s\open\src\hotspot\share\interpreter\linkResolver.cpp, line 773]
Event: 12.955 Thread 0x000001bd38584af0 Exception <a 'java/lang/NoSuchMethodError'{0x00000000ec95ee20}: 'java.lang.Object java.lang.invoke.DirectMethodHandle$Holder.newInvokeSpecial(java.lang.Object, java.lang.Object, java.lang.Object, int)'> (0x00000000ec95ee20) 
thrown [s\open\src\hotspot\share\interpreter\linkResolver.cpp, line 773]
Event: 12.955 Thread 0x000001bd38584af0 Exception <a 'java/lang/NoSuchMethodError'{0x00000000ec9634c8}: 'java.lang.Object java.lang.invoke.Invokers$Holder.linkToTargetMethod(java.lang.Object, java.lang.Object, int, java.lang.Object)'> (0x00000000ec9634c8) 
thrown [s\open\src\hotspot\share\interpreter\linkResolver.cpp, line 773]
Event: 13.021 Thread 0x000001bd38584af0 Exception <a 'java/lang/NoSuchMethodError'{0x00000000ec6a4358}: 'java.lang.Object java.lang.invoke.DirectMethodHandle$Holder.invokeSpecial(java.lang.Object, java.lang.Object, long, java.lang.Object, java.lang.Object)'> (0x00000000ec6a4358) 
thrown [s\open\src\hotspot\share\interpreter\linkResolver.cpp, line 773]
Event: 14.116 Thread 0x000001bd38584af0 Exception <a 'java/lang/NoSuchMethodError'{0x00000000ec23c0a8}: 'int java.lang.invoke.DirectMethodHandle$Holder.invokeInterface(java.lang.Object, java.lang.Object, java.lang.Object, java.lang.Object, java.lang.Object)'> (0x00000000ec23c0a8) 
thrown [s\open\src\hotspot\share\interpreter\linkResolver.cpp, line 773]

ZGC Phase Switch (0 events):
No events

VM Operations (20 events):
Event: 10.068 Executing VM operation: Cleanup done
Event: 10.174 Executing VM operation: HandshakeAllThreads (Deoptimize)
Event: 10.174 Executing VM operation: HandshakeAllThreads (Deoptimize) done
Event: 10.181 Executing VM operation: HandshakeAllThreads (Deoptimize)
Event: 10.181 Executing VM operation: HandshakeAllThreads (Deoptimize) done
Event: 10.182 Executing VM operation: HandshakeAllThreads (Deoptimize)
Event: 10.182 Executing VM operation: HandshakeAllThreads (Deoptimize) done
Event: 11.191 Executing VM operation: HandshakeAllThreads (Deoptimize)
Event: 11.191 Executing VM operation: HandshakeAllThreads (Deoptimize) done
Event: 11.191 Executing VM operation: Cleanup
Event: 11.191 Executing VM operation: Cleanup done
Event: 11.343 Executing VM operation: HandshakeAllThreads (Deoptimize)
Event: 11.343 Executing VM operation: HandshakeAllThreads (Deoptimize) done
Event: 11.362 Executing VM operation: HandshakeAllThreads (Deoptimize)
Event: 11.362 Executing VM operation: HandshakeAllThreads (Deoptimize) done
Event: 12.371 Executing VM operation: Cleanup
Event: 12.371 Executing VM operation: Cleanup done
Event: 13.380 Executing VM operation: Cleanup
Event: 13.381 Executing VM operation: Cleanup done
Event: 14.387 Executing VM operation: Cleanup

Events (20 events):
Event: 9.052 Thread 0x000001bd1d0d9cf0 flushing nmethod 0x000001bd0a68ec90
Event: 9.052 Thread 0x000001bd1d0d9cf0 flushing nmethod 0x000001bd0a68f710
Event: 9.052 Thread 0x000001bd1d0d9cf0 flushing nmethod 0x000001bd0a68fd10
Event: 9.052 Thread 0x000001bd1d0d9cf0 flushing nmethod 0x000001bd0a692390
Event: 9.052 Thread 0x000001bd1d0d9cf0 flushing nmethod 0x000001bd0a6b8690
Event: 9.052 Thread 0x000001bd1d0d9cf0 flushing nmethod 0x000001bd0a6b9210
Event: 9.052 Thread 0x000001bd1d0d9cf0 flushing nmethod 0x000001bd0a6b9c10
Event: 9.052 Thread 0x000001bd1d0d9cf0 flushing nmethod 0x000001bd0a6bbe90
Event: 9.052 Thread 0x000001bd1d0d9cf0 flushing nmethod 0x000001bd0a6be110
Event: 9.052 Thread 0x000001bd1d0d9cf0 flushing nmethod 0x000001bd0a6bf990
Event: 9.052 Thread 0x000001bd1d0d9cf0 flushing nmethod 0x000001bd0a6fb690
Event: 9.052 Thread 0x000001bd1d0d9cf0 flushing nmethod 0x000001bd0a8edc90
Event: 9.052 Thread 0x000001bd1d0d9cf0 flushing nmethod 0x000001bd0a8ee190
Event: 9.052 Thread 0x000001bd1d0d9cf0 flushing nmethod 0x000001bd0a8f2090
Event: 9.052 Thread 0x000001bd1d0d9cf0 flushing nmethod 0x000001bd0a8f3a10
Event: 9.052 Thread 0x000001bd1d0d9cf0 flushing nmethod 0x000001bd0a8f5590
Event: 9.052 Thread 0x000001bd1d0d9cf0 flushing nmethod 0x000001bd0a8f5c10
Event: 9.052 Thread 0x000001bd1d0d9cf0 flushing nmethod 0x000001bd0a8f6a90
Event: 9.052 Thread 0x000001bd1d0d9cf0 flushing nmethod 0x000001bd0a8fcd90
Event: 10.831 Thread 0x000001bd3967cc30 Thread added: 0x000001bd3967cc30


Dynamic libraries:
0x00007ff73cf50000 - 0x00007ff73cf60000 	C:\Program Files\Java\jdk-21.0.11\bin\java.exe
0x00007fffa1160000 - 0x00007fffa13c6000 	C:\WINDOWS\SYSTEM32\ntdll.dll
0x00007fff9f4b0000 - 0x00007fff9f579000 	C:\WINDOWS\System32\KERNEL32.DLL
0x00007fff9e3f0000 - 0x00007fff9e7ea000 	C:\WINDOWS\System32\KERNELBASE.dll
0x00007fff9e9d0000 - 0x00007fff9eb1c000 	C:\WINDOWS\System32\ucrtbase.dll
0x00007fff78d30000 - 0x00007fff78d4e000 	C:\Program Files\Java\jdk-21.0.11\bin\VCRUNTIME140.dll
0x00007fff79dc0000 - 0x00007fff79dd9000 	C:\Program Files\Java\jdk-21.0.11\bin\jli.dll
0x00007fff9f580000 - 0x00007fff9f636000 	C:\WINDOWS\System32\ADVAPI32.dll
0x00007fff9fe90000 - 0x00007fff9ff39000 	C:\WINDOWS\System32\msvcrt.dll
0x00007fff9f0f0000 - 0x00007fff9f19a000 	C:\WINDOWS\System32\sechost.dll
0x00007fff9f380000 - 0x00007fff9f498000 	C:\WINDOWS\System32\RPCRT4.dll
0x00007fffa0860000 - 0x00007fffa0a27000 	C:\WINDOWS\System32\USER32.dll
0x00007fff9ec70000 - 0x00007fff9ec97000 	C:\WINDOWS\System32\win32u.dll
0x00007fff9fc50000 - 0x00007fff9fc7b000 	C:\WINDOWS\System32\GDI32.dll
0x00007fff9e8a0000 - 0x00007fff9e9cb000 	C:\WINDOWS\System32\gdi32full.dll
0x00007fff9e7f0000 - 0x00007fff9e893000 	C:\WINDOWS\System32\msvcp_win.dll
0x00007fff81770000 - 0x00007fff81a02000 	C:\WINDOWS\WinSxS\amd64_microsoft.windows.common-controls_6595b64144ccf1df_6.0.26100.8521_none_3e08b75ce33403b3\COMCTL32.dll
0x00007fff96410000 - 0x00007fff9641b000 	C:\WINDOWS\SYSTEM32\VERSION.dll
0x00007fff9fe50000 - 0x00007fff9fe82000 	C:\WINDOWS\System32\IMM32.DLL
0x00007fff98e20000 - 0x00007fff98e2c000 	C:\Program Files\Java\jdk-21.0.11\bin\vcruntime140_1.dll
0x00007fff575c0000 - 0x00007fff5764d000 	C:\Program Files\Java\jdk-21.0.11\bin\msvcp140.dll
0x00007ffefd200000 - 0x00007ffefdf28000 	C:\Program Files\Java\jdk-21.0.11\bin\server\jvm.dll
0x00007fff9f060000 - 0x00007fff9f0e0000 	C:\WINDOWS\System32\WS2_32.dll
0x00007fff9e0a0000 - 0x00007fff9e0fe000 	C:\WINDOWS\SYSTEM32\POWRPROF.dll
0x00007fff963d0000 - 0x00007fff96406000 	C:\WINDOWS\SYSTEM32\WINMM.dll
0x00007fff9e080000 - 0x00007fff9e094000 	C:\WINDOWS\SYSTEM32\UMPDC.dll
0x00007fff9d180000 - 0x00007fff9d19b000 	C:\WINDOWS\SYSTEM32\kernel.appcore.dll
0x00007fff7a200000 - 0x00007fff7a20a000 	C:\Program Files\Java\jdk-21.0.11\bin\jimage.dll
0x00007fff9bb50000 - 0x00007fff9bd92000 	C:\WINDOWS\SYSTEM32\DBGHELP.DLL
0x00007fffa0c90000 - 0x00007fffa1013000 	C:\WINDOWS\System32\combase.dll
0x00007fff9fc80000 - 0x00007fff9fd59000 	C:\WINDOWS\System32\OLEAUT32.dll
0x00007fff804f0000 - 0x00007fff8052b000 	C:\WINDOWS\SYSTEM32\dbgcore.DLL
0x00007fff9ee20000 - 0x00007fff9eec8000 	C:\WINDOWS\System32\bcryptPrimitives.dll
0x00007fff79f90000 - 0x00007fff79fa0000 	C:\Program Files\Java\jdk-21.0.11\bin\instrument.dll
0x00007fff6a700000 - 0x00007fff6a721000 	C:\Program Files\Java\jdk-21.0.11\bin\java.dll
0x00007fffa00d0000 - 0x00007fffa0854000 	C:\WINDOWS\System32\SHELL32.dll
0x00007fff9bf90000 - 0x00007fff9c810000 	C:\WINDOWS\SYSTEM32\windows.storage.dll
0x00007fff9fb00000 - 0x00007fff9fbf6000 	C:\WINDOWS\System32\SHCORE.dll
0x00007fff9fde0000 - 0x00007fff9fe47000 	C:\WINDOWS\System32\shlwapi.dll
0x00007fff9e310000 - 0x00007fff9e339000 	C:\WINDOWS\SYSTEM32\profapi.dll
0x00007fff35630000 - 0x00007fff35707000 	C:\Program Files\Java\jdk-21.0.11\bin\jsvml.dll
0x00007fff78c50000 - 0x00007fff78c68000 	C:\Program Files\Java\jdk-21.0.11\bin\zip.dll
0x00007fff6f560000 - 0x00007fff6f571000 	C:\Program Files\Java\jdk-21.0.11\bin\net.dll
0x00007fff93800000 - 0x00007fff93929000 	C:\WINDOWS\SYSTEM32\WINHTTP.dll
0x00007fff9d6f0000 - 0x00007fff9d75c000 	C:\WINDOWS\system32\mswsock.dll
0x00007fff6f4a0000 - 0x00007fff6f4b6000 	C:\Program Files\Java\jdk-21.0.11\bin\nio.dll
0x00007fff799a0000 - 0x00007fff799b0000 	C:\Program Files\Java\jdk-21.0.11\bin\verify.dll
0x00007fff72d60000 - 0x00007fff72d87000 	C:\Users\alass\.gradle\native\660c5614fbf4a5f2a75b1949f50a0caf5cd603558e7d8a26e50b933a0cfb79d1\windows-amd64\native-platform.dll
0x00007fff355b0000 - 0x00007fff35627000 	C:\Users\alass\.gradle\native\0.2.8\x86_64-windows-gnu\gradle-fileevents.dll
0x00007fff798b0000 - 0x00007fff798ba000 	C:\Program Files\Java\jdk-21.0.11\bin\management.dll
0x00007fff72e20000 - 0x00007fff72e2c000 	C:\Program Files\Java\jdk-21.0.11\bin\management_ext.dll
0x00007fff9f4a0000 - 0x00007fff9f4a8000 	C:\WINDOWS\System32\PSAPI.DLL
0x00007fff9cbb0000 - 0x00007fff9cbe3000 	C:\WINDOWS\SYSTEM32\IPHLPAPI.DLL
0x00007fff9f030000 - 0x00007fff9f03a000 	C:\WINDOWS\System32\NSI.dll
0x00007fff72d50000 - 0x00007fff72d59000 	C:\Program Files\Java\jdk-21.0.11\bin\extnet.dll
0x00007fff9d9d0000 - 0x00007fff9d9eb000 	C:\WINDOWS\SYSTEM32\CRYPTSP.dll
0x00007fff9d0e0000 - 0x00007fff9d119000 	C:\WINDOWS\system32\rsaenh.dll
0x00007fff9d7a0000 - 0x00007fff9d7d3000 	C:\WINDOWS\SYSTEM32\USERENV.dll
0x00007fff9e2e0000 - 0x00007fff9e30a000 	C:\WINDOWS\SYSTEM32\bcrypt.dll
0x00007fff9d9f0000 - 0x00007fff9d9fc000 	C:\WINDOWS\SYSTEM32\CRYPTBASE.dll
0x00007fff72960000 - 0x00007fff7296e000 	C:\Program Files\Java\jdk-21.0.11\bin\sunmscapi.dll
0x00007fff9eca0000 - 0x00007fff9ee18000 	C:\WINDOWS\System32\CRYPT32.dll
0x00007fff9dbf0000 - 0x00007fff9dc20000 	C:\WINDOWS\SYSTEM32\ncrypt.dll
0x00007fff9dba0000 - 0x00007fff9dbdf000 	C:\WINDOWS\SYSTEM32\NTASN1.dll
0x00007fff57dd0000 - 0x00007fff57dd8000 	C:\WINDOWS\system32\wshunix.dll

dbghelp: loaded successfully - version: 4.0.5 - missing functions: none
symbol engine: initialized successfully - sym options: 0x614 - pdb path: .;C:\Program Files\Java\jdk-21.0.11\bin;C:\WINDOWS\SYSTEM32;C:\WINDOWS\WinSxS\amd64_microsoft.windows.common-controls_6595b64144ccf1df_6.0.26100.8521_none_3e08b75ce33403b3;C:\Program Files\Java\jdk-21.0.11\bin\server;C:\Users\alass\.gradle\native\660c5614fbf4a5f2a75b1949f50a0caf5cd603558e7d8a26e50b933a0cfb79d1\windows-amd64;C:\Users\alass\.gradle\native\0.2.8\x86_64-windows-gnu

VM Arguments:
jvm_args: --add-opens=java.base/java.lang=ALL-UNNAMED --add-opens=java.base/java.lang.invoke=ALL-UNNAMED --add-opens=java.base/java.util=ALL-UNNAMED --add-opens=java.prefs/java.util.prefs=ALL-UNNAMED --add-exports=jdk.compiler/com.sun.tools.javac.api=ALL-UNNAMED --add-exports=jdk.compiler/com.sun.tools.javac.util=ALL-UNNAMED --add-opens=java.base/java.util=ALL-UNNAMED --add-opens=java.prefs/java.util.prefs=ALL-UNNAMED --add-opens=java.base/java.nio.charset=ALL-UNNAMED --add-opens=java.base/java.net=ALL-UNNAMED --add-opens=java.base/java.util.concurrent=ALL-UNNAMED --add-opens=java.base/java.util.concurrent.atomic=ALL-UNNAMED --add-opens=java.xml/javax.xml.namespace=ALL-UNNAMED --add-opens=java.base/java.time=ALL-UNNAMED -XX:MaxMetaspaceSize=384m -XX:+HeapDumpOnOutOfMemoryError -Xms256m -Xmx512m -Dfile.encoding=UTF-8 -Duser.country=CA -Duser.language=fr -Duser.variant -javaagent:C:\Users\alass\.gradle\wrapper\dists\gradle-9.4.1-bin\arn2x92ynaizyzdaamcbpbhtj\gradle-9.4.1\lib\agents\gradle-instrumentation-agent-9.4.1.jar 
java_command: org.gradle.launcher.daemon.bootstrap.GradleDaemon 9.4.1
java_class_path (initial): C:\Users\alass\.gradle\wrapper\dists\gradle-9.4.1-bin\arn2x92ynaizyzdaamcbpbhtj\gradle-9.4.1\lib\gradle-daemon-main-9.4.1.jar
Launcher Type: SUN_STANDARD

[Global flags]
     intx CICompilerCount                          = 4                                         {product} {ergonomic}
   size_t CompressedClassSpaceSize                 = 335544320                                 {product} {ergonomic}
     uint ConcGCThreads                            = 3                                         {product} {ergonomic}
     uint G1ConcRefinementThreads                  = 10                                        {product} {ergonomic}
   size_t G1HeapRegionSize                         = 1048576                                   {product} {ergonomic}
    uintx GCDrainStackTargetSize                   = 64                                        {product} {ergonomic}
     bool HeapDumpOnOutOfMemoryError               = true                                   {manageable} {command line}
   size_t InitialHeapSize                          = 268435456                                 {product} {command line}
   size_t MarkStackSize                            = 4194304                                   {product} {ergonomic}
   size_t MaxHeapSize                              = 536870912                                 {product} {command line}
   size_t MaxMetaspaceSize                         = 402653184                                 {product} {command line}
   size_t MaxNewSize                               = 321912832                                 {product} {ergonomic}
   size_t MinHeapDeltaBytes                        = 1048576                                   {product} {ergonomic}
   size_t MinHeapSize                              = 268435456                                 {product} {command line}
    uintx NonNMethodCodeHeapSize                   = 5839372                                {pd product} {ergonomic}
    uintx NonProfiledCodeHeapSize                  = 122909434                              {pd product} {ergonomic}
    uintx ProfiledCodeHeapSize                     = 122909434                              {pd product} {ergonomic}
    uintx ReservedCodeCacheSize                    = 251658240                              {pd product} {ergonomic}
     bool SegmentedCodeCache                       = true                                      {product} {ergonomic}
   size_t SoftMaxHeapSize                          = 536870912                              {manageable} {ergonomic}
     bool UseCompressedOops                        = true                           {product lp64_product} {ergonomic}
     bool UseG1GC                                  = true                                      {product} {ergonomic}
     bool UseLargePagesIndividualAllocation        = false                                  {pd product} {ergonomic}

Logging:
Log output configuration:
 #0: stdout all=warning uptime,level,tags foldmultilines=false
 #1: stderr all=off uptime,level,tags foldmultilines=false

Environment Variables:
JAVA_HOME=C:\Program Files\Java\jdk-21.0.11
PATH=C:\Program Files\Common Files\Oracle\Java\javapath;C:\Program Files (x86)\Common Files\Oracle\Java\javapath;C:\WINDOWS\system32;C:\WINDOWS;C:\WINDOWS\System32\Wbem;C:\WINDOWS\System32\WindowsPowerShell\v1.0\;C:\WINDOWS\System32\OpenSSH\;C:\Program Files\Java\jdk-21.0.11\bin;C:\Program Files (x86)\Apache Software Foundation\Tomcat 5.5\bin;C:\Program Files\dotnet\;C:\Program Files\Docker\Docker\resources\bin;C:\Program Files\Git\cmd;C:\outils\apache-maven-3.9.9\bin;C:\Users\alass\AppData\Roaming\nvm;C:\Program Files\nodejs;C:\WINDOWS\system32;C:\WINDOWS;C:\WINDOWS\System32\Wbem;C:\WINDOWS\System32\WindowsPowerShell\v1.0\;C:\WINDOWS\System32\OpenSSH\;C:\Users\alass\AppData\Local\Microsoft\WindowsApps;C:\outils\Microsoft VS Code\bin;C:\Users\alass\AppData\Roaming\nvm;C:\Program Files\nodejs;
USERNAME=alass
OS=Windows_NT
PROCESSOR_IDENTIFIER=AMD64 Family 23 Model 104 Stepping 1, AuthenticAMD
TMP=C:\Users\alass\AppData\Local\Temp
TEMP=C:\Users\alass\AppData\Local\Temp




Periodic native trim disabled

---------------  S Y S T E M  ---------------

OS:
 Windows 11 , 64 bit Build 26100 (10.0.26100.8521)
OS uptime: 15 days 6:39 hours
Hyper-V role detected

CPU: total 12 (initial active 12) (12 cores per cpu, 2 threads per core) family 23 model 104 stepping 1 microcode 0x8608109, cx8, cmov, fxsr, ht, mmx, 3dnowpref, sse, sse2, sse3, ssse3, sse4a, sse4.1, sse4.2, popcnt, lzcnt, tsc, tscinvbit, avx, avx2, aes, clmul, bmi1, bmi2, adx, sha, fma, vzeroupper, clflush, clflushopt, hv, rdtscp, rdpid, f16c
Processor Information for all 12 processors :
  Max Mhz: 2100, Current Mhz: 2100, Mhz Limit: 2100

Memory: 4k page, system-wide physical 11597M (195M free)
TotalPageFile size 46413M (AvailPageFile size 1M)
current process WorkingSet (physical memory assigned to process): 299M, peak: 317M
current process commit charge ("private bytes"): 468M, peak: 472M

vm_info: Java HotSpot(TM) 64-Bit Server VM (21.0.11+9-LTS-211) for windows-amd64 JRE (21.0.11+9-LTS-211), built on 2026-03-11T00:23:15Z by "mach5run" with MS VC++ 17.13 (VS2022)

END.
